Archive member included to satisfy reference by file (symbol)

d:/ra/e2s/toolchains/gcc_arm/gcc-arm-none-eabi-10.3-2021.10/bin/../lib/gcc/arm-none-eabi/10.3.1/../../../../arm-none-eabi/lib/thumb/v8-m.base/nofp\libm.a(lib_a-s_cos.o)
                              ./src/dtmf/goertzel.o (cos)
d:/ra/e2s/toolchains/gcc_arm/gcc-arm-none-eabi-10.3-2021.10/bin/../lib/gcc/arm-none-eabi/10.3.1/../../../../arm-none-eabi/lib/thumb/v8-m.base/nofp\libm.a(lib_a-s_floor.o)
                              ./src/dtmf/goertzel.o (floor)
d:/ra/e2s/toolchains/gcc_arm/gcc-arm-none-eabi-10.3-2021.10/bin/../lib/gcc/arm-none-eabi/10.3.1/../../../../arm-none-eabi/lib/thumb/v8-m.base/nofp\libm.a(lib_a-w_sqrt.o)
                              ./src/dtmf/goertzel.o (sqrt)
d:/ra/e2s/toolchains/gcc_arm/gcc-arm-none-eabi-10.3-2021.10/bin/../lib/gcc/arm-none-eabi/10.3.1/../../../../arm-none-eabi/lib/thumb/v8-m.base/nofp\libm.a(lib_a-e_rem_pio2.o)
                              d:/ra/e2s/toolchains/gcc_arm/gcc-arm-none-eabi-10.3-2021.10/bin/../lib/gcc/arm-none-eabi/10.3.1/../../../../arm-none-eabi/lib/thumb/v8-m.base/nofp\libm.a(lib_a-s_cos.o) (__ieee754_rem_pio2)
d:/ra/e2s/toolchains/gcc_arm/gcc-arm-none-eabi-10.3-2021.10/bin/../lib/gcc/arm-none-eabi/10.3.1/../../../../arm-none-eabi/lib/thumb/v8-m.base/nofp\libm.a(lib_a-e_sqrt.o)
                              d:/ra/e2s/toolchains/gcc_arm/gcc-arm-none-eabi-10.3-2021.10/bin/../lib/gcc/arm-none-eabi/10.3.1/../../../../arm-none-eabi/lib/thumb/v8-m.base/nofp\libm.a(lib_a-w_sqrt.o) (__ieee754_sqrt)
d:/ra/e2s/toolchains/gcc_arm/gcc-arm-none-eabi-10.3-2021.10/bin/../lib/gcc/arm-none-eabi/10.3.1/../../../../arm-none-eabi/lib/thumb/v8-m.base/nofp\libm.a(lib_a-k_cos.o)
                              d:/ra/e2s/toolchains/gcc_arm/gcc-arm-none-eabi-10.3-2021.10/bin/../lib/gcc/arm-none-eabi/10.3.1/../../../../arm-none-eabi/lib/thumb/v8-m.base/nofp\libm.a(lib_a-s_cos.o) (__kernel_cos)
d:/ra/e2s/toolchains/gcc_arm/gcc-arm-none-eabi-10.3-2021.10/bin/../lib/gcc/arm-none-eabi/10.3.1/../../../../arm-none-eabi/lib/thumb/v8-m.base/nofp\libm.a(lib_a-k_rem_pio2.o)
                              d:/ra/e2s/toolchains/gcc_arm/gcc-arm-none-eabi-10.3-2021.10/bin/../lib/gcc/arm-none-eabi/10.3.1/../../../../arm-none-eabi/lib/thumb/v8-m.base/nofp\libm.a(lib_a-e_rem_pio2.o) (__kernel_rem_pio2)
d:/ra/e2s/toolchains/gcc_arm/gcc-arm-none-eabi-10.3-2021.10/bin/../lib/gcc/arm-none-eabi/10.3.1/../../../../arm-none-eabi/lib/thumb/v8-m.base/nofp\libm.a(lib_a-k_sin.o)
                              d:/ra/e2s/toolchains/gcc_arm/gcc-arm-none-eabi-10.3-2021.10/bin/../lib/gcc/arm-none-eabi/10.3.1/../../../../arm-none-eabi/lib/thumb/v8-m.base/nofp\libm.a(lib_a-s_cos.o) (__kernel_sin)
d:/ra/e2s/toolchains/gcc_arm/gcc-arm-none-eabi-10.3-2021.10/bin/../lib/gcc/arm-none-eabi/10.3.1/../../../../arm-none-eabi/lib/thumb/v8-m.base/nofp\libm.a(lib_a-s_fabs.o)
                              d:/ra/e2s/toolchains/gcc_arm/gcc-arm-none-eabi-10.3-2021.10/bin/../lib/gcc/arm-none-eabi/10.3.1/../../../../arm-none-eabi/lib/thumb/v8-m.base/nofp\libm.a(lib_a-e_rem_pio2.o) (fabs)
d:/ra/e2s/toolchains/gcc_arm/gcc-arm-none-eabi-10.3-2021.10/bin/../lib/gcc/arm-none-eabi/10.3.1/../../../../arm-none-eabi/lib/thumb/v8-m.base/nofp\libm.a(lib_a-s_scalbn.o)
                              d:/ra/e2s/toolchains/gcc_arm/gcc-arm-none-eabi-10.3-2021.10/bin/../lib/gcc/arm-none-eabi/10.3.1/../../../../arm-none-eabi/lib/thumb/v8-m.base/nofp\libm.a(lib_a-k_rem_pio2.o) (scalbn)
d:/ra/e2s/toolchains/gcc_arm/gcc-arm-none-eabi-10.3-2021.10/bin/../lib/gcc/arm-none-eabi/10.3.1/thumb/v8-m.base/nofp\libgcc.a(_arm_cmpdf2.o)
                              d:/ra/e2s/toolchains/gcc_arm/gcc-arm-none-eabi-10.3-2021.10/bin/../lib/gcc/arm-none-eabi/10.3.1/../../../../arm-none-eabi/lib/thumb/v8-m.base/nofp\libm.a(lib_a-e_rem_pio2.o) (__aeabi_dcmpeq)
d:/ra/e2s/toolchains/gcc_arm/gcc-arm-none-eabi-10.3-2021.10/bin/../lib/gcc/arm-none-eabi/10.3.1/thumb/v8-m.base/nofp\libgcc.a(_arm_cmpsf2.o)
                              ./src/dtmf/goertzel-dtmf.o (__aeabi_fcmplt)
d:/ra/e2s/toolchains/gcc_arm/gcc-arm-none-eabi-10.3-2021.10/bin/../lib/gcc/arm-none-eabi/10.3.1/thumb/v8-m.base/nofp\libgcc.a(_clzsi2.o)
                              ./ra/fsp/src/r_adc/r_adc.o (__clzsi2)
d:/ra/e2s/toolchains/gcc_arm/gcc-arm-none-eabi-10.3-2021.10/bin/../lib/gcc/arm-none-eabi/10.3.1/thumb/v8-m.base/nofp\libgcc.a(_aeabi_ldivmod.o)
                              ./ra/fsp/src/r_sci_uart/r_sci_uart.o (__aeabi_ldivmod)
d:/ra/e2s/toolchains/gcc_arm/gcc-arm-none-eabi-10.3-2021.10/bin/../lib/gcc/arm-none-eabi/10.3.1/thumb/v8-m.base/nofp\libgcc.a(_muldi3.o)
                              ./ra/fsp/src/r_sci_uart/r_sci_uart.o (__aeabi_lmul)
d:/ra/e2s/toolchains/gcc_arm/gcc-arm-none-eabi-10.3-2021.10/bin/../lib/gcc/arm-none-eabi/10.3.1/thumb/v8-m.base/nofp\libgcc.a(bpabi.o)
[...]
Memory Configuration

Name             Origin             Length             Attributes
FLASH            0x00000000         0x00010000         xr
RAM              0x20004000         0x00004000         xrw
DATA_FLASH       0x40100000         0x00001000         xr
QSPI_FLASH       0x60000000         0x00000000         xr
OSPI_DEVICE_0    0x68000000         0x00000000         xr
OSPI_DEVICE_1    0x70000000         0x00000000         xr
OSPI_DEVICE_0_RAM 0x68000000         0x00000000         xrw
OSPI_DEVICE_1_RAM 0x70000000         0x00000000         xrw
SDRAM            0x90000000         0x00000000         xrw
OPTION_SETTING   0x00000000         0x00000000         r
OPTION_SETTING_S 0x00000000         0x00000000         r
ID_CODE          0x01010018         0x00000020         xr
*default*        0x00000000         0xffffffff

Linker script and memory map

LOAD d:/ra/e2s/toolchains/gcc_arm/gcc-arm-none-eabi-10.3-2021.10/bin/../lib/gcc/arm-none-eabi/10.3.1/thumb/v8-m.base/nofp/crti.o
LOAD d:/ra/e2s/toolchains/gcc_arm/gcc-arm-none-eabi-10.3-2021.10/bin/../lib/gcc/arm-none-eabi/10.3.1/thumb/v8-m.base/nofp/crtbegin.o
LOAD d:/ra/e2s/toolchains/gcc_arm/gcc-arm-none-eabi-10.3-2021.10/bin/../lib/gcc/arm-none-eabi/10.3.1/../../../../arm-none-eabi/lib/thumb/v8-m.base/nofp/crt0.o
START GROUP
LOAD ./src/ws2812/ws2812.o
LOAD ./src/timer/timer0.o
LOAD ./src/fcal/fdatefunc.o
LOAD ./src/dtmf/goertzel-dtmf.o
LOAD ./src/dtmf/goertzel.o
LOAD ./src/debug/debug.o
LOAD ./src/hal_entry.o
LOAD ./ra_gen/common_data.o
LOAD ./ra_gen/hal_data.o
LOAD ./ra_gen/main.o
LOAD ./ra_gen/pin_data.o
LOAD ./ra_gen/vector_data.o
LOAD ./ra/fsp/src/r_spi/r_spi.o
LOAD ./ra/fsp/src/r_sci_uart/r_sci_uart.o
LOAD ./ra/fsp/src/r_rtc/r_rtc.o
LOAD ./ra/fsp/src/r_ioport/r_ioport.o
LOAD ./ra/fsp/src/r_gpt/r_gpt.o
LOAD ./ra/fsp/src/r_dtc/r_dtc.o
LOAD ./ra/fsp/src/r_adc/r_adc.o
LOAD ./ra/fsp/src/bsp/mcu/all/bsp_clocks.o
LOAD ./ra/fsp/src/bsp/mcu/all/bsp_common.o
LOAD ./ra/fsp/src/bsp/mcu/all/bsp_delay.o
LOAD ./ra/fsp/src/bsp/mcu/all/bsp_group_irq.o
LOAD ./ra/fsp/src/bsp/mcu/all/bsp_guard.o
LOAD ./ra/fsp/src/bsp/mcu/all/bsp_io.o
LOAD ./ra/fsp/src/bsp/mcu/all/bsp_irq.o
LOAD ./ra/fsp/src/bsp/mcu/all/bsp_register_protection.o
LOAD ./ra/fsp/src/bsp/mcu/all/bsp_rom_registers.o
LOAD ./ra/fsp/src/bsp/mcu/all/bsp_sbrk.o
LOAD ./ra/fsp/src/bsp/mcu/all/bsp_security.o
LOAD ./ra/fsp/src/bsp/cmsis/Device/RENESAS/Source/startup.o
LOAD ./ra/fsp/src/bsp/cmsis/Device/RENESAS/Source/system.o
END GROUP
LOAD d:/ra/e2s/toolchains/gcc_arm/gcc-arm-none-eabi-10.3-2021.10/bin/../lib/gcc/arm-none-eabi/10.3.1/../../../../arm-none-eabi/lib/thumb/v8-m.base/nofp\libstdc++_nano.a
LOAD d:/ra/e2s/toolchains/gcc_arm/gcc-arm-none-eabi-10.3-2021.10/bin/../lib/gcc/arm-none-eabi/10.3.1/../../../../arm-none-eabi/lib/thumb/v8-m.base/nofp\libm.a
START GROUP
LOAD d:/ra/e2s/toolchains/gcc_arm/gcc-arm-none-eabi-10.3-2021.10/bin/../lib/gcc/arm-none-eabi/10.3.1/thumb/v8-m.base/nofp\libgcc.a
LOAD d:/ra/e2s/toolchains/gcc_arm/gcc-arm-none-eabi-10.3-2021.10/bin/../lib/gcc/arm-none-eabi/10.3.1/../../../../arm-none-eabi/lib/thumb/v8-m.base/nofp\libg_nano.a
LOAD d:/ra/e2s/toolchains/gcc_arm/gcc-arm-none-eabi-10.3-2021.10/bin/../lib/gcc/arm-none-eabi/10.3.1/../../../../arm-none-eabi/lib/thumb/v8-m.base/nofp\libc_nano.a
END GROUP
START GROUP
LOAD d:/ra/e2s/toolchains/gcc_arm/gcc-arm-none-eabi-10.3-2021.10/bin/../lib/gcc/arm-none-eabi/10.3.1/thumb/v8-m.base/nofp\libgcc.a
LOAD d:/ra/e2s/toolchains/gcc_arm/gcc-arm-none-eabi-10.3-2021.10/bin/../lib/gcc/arm-none-eabi/10.3.1/../../../../arm-none-eabi/lib/thumb/v8-m.base/nofp\libc_nano.a
END GROUP
LOAD d:/ra/e2s/toolchains/gcc_arm/gcc-arm-none-eabi-10.3-2021.10/bin/../lib/gcc/arm-none-eabi/10.3.1/thumb/v8-m.base/nofp/crtend.o
LOAD d:/ra/e2s/toolchains/gcc_arm/gcc-arm-none-eabi-10.3-2021.10/bin/../lib/gcc/arm-none-eabi/10.3.1/thumb/v8-m.base/nofp/crtn.o
                0x20004000                RAM_START = 0x20004000
                0x00004000                RAM_LENGTH = 0x4000
                0x00000000                FLASH_START = 0x0
                0x00010000                FLASH_LENGTH = 0x10000
                0x40100000                DATA_FLASH_START = 0x40100000
                0x00001000                DATA_FLASH_LENGTH = 0x1000
                0x00000000                OPTION_SETTING_START = 0x0
                0x00000000                OPTION_SETTING_LENGTH = 0x0
                0x00000000                OPTION_SETTING_S_START = 0x0
                0x00000000                OPTION_SETTING_S_LENGTH = 0x0
                0x01010018                ID_CODE_START = 0x1010018
                0x00000020                ID_CODE_LENGTH = 0x20
                0x90000000                SDRAM_START = 0x90000000
                0x00000000                SDRAM_LENGTH = 0x0
                0x60000000                QSPI_FLASH_START = 0x60000000
                0x00000000                QSPI_FLASH_LENGTH = 0x0
                0x68000000                OSPI_DEVICE_0_START = 0x68000000
                0x00000000                OSPI_DEVICE_0_LENGTH = 0x0
                0x70000000                OSPI_DEVICE_1_START = 0x70000000
                0x00000000                OSPI_DEVICE_1_LENGTH = 0x0
                0x00000000                QSPI_FLASH_PRV_LENGTH = DEFINED (QSPI_FLASH_SIZE)?ABSOLUTE (QSPI_FLASH_SIZE):ABSOLUTE (QSPI_FLASH_LENGTH)
                0x00000000                OSPI_DEVICE_0_PRV_LENGTH = DEFINED (OSPI_DEVICE_0_SIZE)?ABSOLUTE (OSPI_DEVICE_0_SIZE):ABSOLUTE (OSPI_DEVICE_0_LENGTH)
                0x00000000                OSPI_DEVICE_1_PRV_LENGTH = DEFINED (OSPI_DEVICE_1_SIZE)?ABSOLUTE (OSPI_DEVICE_1_SIZE):ABSOLUTE (OSPI_DEVICE_1_LENGTH)
                0x00000000                __RESERVE_NS_RAM = ((! (DEFINED (PROJECT_NONSECURE)) && DEFINED (RAM_NS_BUFFER_LENGTH)) && (OPTION_SETTING_S_LENGTH != 0x0))
                0x00000000                RAM_NS_BUFFER_BLOCK_LENGTH = DEFINED (RAM_NS_BUFFER_LENGTH)?ALIGN (RAM_NS_BUFFER_LENGTH, 0x2000):0x0
                0x00000000                RAM_NS_BUFFER_LENGTH = DEFINED (RAM_NS_BUFFER_LENGTH)?RAM_NS_BUFFER_LENGTH:0x0
                0x20008000                RAM_NS_BUFFER_START = ((RAM_START + RAM_LENGTH) - RAM_NS_BUFFER_LENGTH)
                0x20008000                RAM_NS_BUFFER_BLOCK_START = ((RAM_START + RAM_LENGTH) - RAM_NS_BUFFER_BLOCK_LENGTH)
                0x0100a180                OPTION_SETTING_START_NS = 0x100a180
                0x00000001                __bl_FSP_BOOTABLE_IMAGE = 0x1
                0x00000001                __bln_FSP_BOOTABLE_IMAGE = 0x1
                0x00000000                PROJECT_SECURE_OR_FLAT = ((! (DEFINED (PROJECT_NONSECURE)) && OPTION_SETTING_LENGTH) && ! (DEFINED (FSP_BOOTABLE_IMAGE)))
                0x00000000                USE_OPTION_SETTING_NS = (DEFINED (PROJECT_NONSECURE) && ! (DEFINED (FSP_BOOTABLE_IMAGE)))
                0x00000000                __bl_FLASH_IMAGE_START = ! (DEFINED (FLASH_BOOTLOADER_LENGTH))?0x0:(FLASH_APPLICATION_IMAGE_NUMBER == 0x1)?(FLASH_BOOTLOADER_LENGTH + FLASH_BOOTLOADER_HEADER_LENGTH):(((FLASH_BOOTLOADER_LENGTH + FLASH_BOOTLOADER_SCRATCH_LENGTH) + FLASH_APPLICATION_S_LENGTH) + FLASH_BOOTLOADER_HEADER_LENGTH)
                0x00000000                __bl_FLASH_IMAGE_LENGTH = ! (DEFINED (FLASH_BOOTLOADER_LENGTH))?0x0:(FLASH_APPLICATION_S_LENGTH - FLASH_BOOTLOADER_HEADER_LENGTH)
                0x00000000                __bl_FLASH_IMAGE_END = (__bl_FLASH_IMAGE_START + __bl_FLASH_IMAGE_LENGTH)
                0x00000000                __bl_XIP_SECONDARY_FLASH_IMAGE_START = ! (DEFINED (FLASH_BOOTLOADER_LENGTH))?0x0:((FLASH_BOOTLOADER_LENGTH + FLASH_APPLICATION_S_LENGTH) + FLASH_BOOTLOADER_HEADER_LENGTH)
                0x00000000                __bl_XIP_SECONDARY_FLASH_IMAGE_END = (__bl_XIP_SECONDARY_FLASH_IMAGE_START + __bl_FLASH_IMAGE_LENGTH)
                0x00000000                __bl_FLASH_NS_START = ! (DEFINED (FLASH_BOOTLOADER_LENGTH))?0x0:(FLASH_APPLICATION_NS_LENGTH == 0x0)?__bl_FLASH_IMAGE_END:((__bl_FLASH_IMAGE_START - FLASH_BOOTLOADER_HEADER_LENGTH) + FLASH_APPLICATION_S_LENGTH)
                0x00000000                __bl_FLASH_NSC_START = ! (DEFINED (FLASH_BOOTLOADER_LENGTH))?0x0:(FLASH_APPLICATION_NS_LENGTH == 0x0)?__bl_FLASH_IMAGE_END:(__bl_FLASH_NS_START - FLASH_APPLICATION_NSC_LENGTH)
                0x00000000                __bl_RAM_NS_START = ! (DEFINED (FLASH_BOOTLOADER_LENGTH))?0x0:(FLASH_APPLICATION_NS_LENGTH == 0x0)?(RAM_START + RAM_LENGTH):((RAM_START + RAM_LENGTH) - RAM_APPLICATION_NS_LENGTH)
                0x00000000                __bl_RAM_NSC_START = ! (DEFINED (FLASH_BOOTLOADER_LENGTH))?0x0:(FLASH_APPLICATION_NS_LENGTH == 0x0)?(RAM_START + RAM_LENGTH):(__bl_RAM_NS_START - RAM_APPLICATION_NSC_LENGTH)
                0x00000000                __bl_FLASH_NS_IMAGE_START = ! (DEFINED (FLASH_BOOTLOADER_LENGTH))?0x0:(FLASH_APPLICATION_NS_LENGTH == 0x0)?__bl_FLASH_IMAGE_END:(__bl_FLASH_NS_START + FLASH_BOOTLOADER_HEADER_LENGTH_2)
                0x00000000                __bln_FLASH_IMAGE_START = __bl_FLASH_NS_IMAGE_START
                0x00000000                __bln_FLASH_IMAGE_LENGTH = ! (DEFINED (FLASH_BOOTLOADER_LENGTH))?0x0:(FLASH_APPLICATION_NS_LENGTH == 0x0)?__bl_FLASH_IMAGE_END:(FLASH_APPLICATION_NS_LENGTH - FLASH_BOOTLOADER_HEADER_LENGTH_2)
                0x00000000                XIP_SECONDARY_SLOT_IMAGE = DEFINED (XIP_SECONDARY_SLOT_IMAGE)?XIP_SECONDARY_SLOT_IMAGE:0x0
                0x00000000                FLASH_ORIGIN = ! (DEFINED (FLASH_IMAGE_START))?FLASH_START:(XIP_SECONDARY_SLOT_IMAGE == 0x1)?XIP_SECONDARY_FLASH_IMAGE_START:FLASH_IMAGE_START
                0x00010000                LIMITED_FLASH_LENGTH = DEFINED (FLASH_IMAGE_LENGTH)?FLASH_IMAGE_LENGTH:DEFINED (FLASH_BOOTLOADER_LENGTH)?FLASH_BOOTLOADER_LENGTH:FLASH_LENGTH
START GROUP
LOAD d:/ra/e2s/toolchains/gcc_arm/gcc-arm-none-eabi-10.3-2021.10/bin/../lib/gcc/arm-none-eabi/10.3.1/thumb/v8-m.base/nofp\libgcc.a
LOAD d:/ra/e2s/toolchains/gcc_arm/gcc-arm-none-eabi-10.3-2021.10/bin/../lib/gcc/arm-none-eabi/10.3.1/../../../../arm-none-eabi/lib/thumb/v8-m.base/nofp\libc.a
LOAD d:/ra/e2s/toolchains/gcc_arm/gcc-arm-none-eabi-10.3-2021.10/bin/../lib/gcc/arm-none-eabi/10.3.1/../../../../arm-none-eabi/lib/thumb/v8-m.base/nofp\libm.a
LOAD d:/ra/e2s/toolchains/gcc_arm/gcc-arm-none-eabi-10.3-2021.10/bin/../lib/gcc/arm-none-eabi/10.3.1/../../../../arm-none-eabi/lib/thumb/v8-m.base/nofp\libnosys.a
END GROUP

.text           0x00000000     0x4bec
                0x00000000                __tz_FLASH_S = ABSOLUTE (FLASH_START)
                0x00000000                __ROM_Start = .
 *(.fixed_vectors*)
 .fixed_vectors
                0x00000000       0x40 ./ra/fsp/src/bsp/cmsis/Device/RENESAS/Source/startup.o
                0x00000000                __Vectors
 *(.application_vectors*)
 .application_vectors
                0x00000040       0x80 ./ra_gen/vector_data.o
                0x00000040                g_vector_table
                0x000000c0                __Vectors_End = .
                0x00000400                . = (OPTION_SETTING_LENGTH > 0x0)?.:(__ROM_Start + 0x400)
 *fill*         0x000000c0      0x340 ff
 *(.rom_registers*)
 .rom_registers
                0x00000400       0x3c ./ra/fsp/src/bsp/mcu/all/bsp_rom_registers.o
                0x00000500                . = (OPTION_SETTING_LENGTH > 0x0)?.:(__ROM_Start + 0x500)
 *fill*         0x0000043c       0xc4 ff
                0x00000500                . = ALIGN (0x80)
 *(.mcuboot_sce9_key*)
 *(.text*)
 .text          0x00000500       0x50 d:/ra/e2s/toolchains/gcc_arm/gcc-arm-none-eabi-10.3-2021.10/bin/../lib/gcc/arm-none-eabi/10.3.1/thumb/v8-m.base/nofp/crtbegin.o
 .text._Z11ws2812_sendv.part.0
                0x00000550       0x20 ./src/ws2812/ws2812.o
 .text._Z16ws2812_set_colorthhh
                0x00000570       0x58 ./src/ws2812/ws2812.o
                0x00000570                ws2812_set_color(unsigned short, unsigned char, unsigned char, unsigned char)
 .text._Z12ws2812_blackv
                0x000005c8       0x1c ./src/ws2812/ws2812.o
                0x000005c8                ws2812_black()
 .text._Z11ws2812_initv
                0x000005e4       0x58 ./src/ws2812/ws2812.o
                0x000005e4                ws2812_init()
 .text._Z11ws2812_sendv
                0x0000063c       0x3c ./src/ws2812/ws2812.o
                0x0000063c                ws2812_send()
 .text.spi_callback
                0x00000678       0x10 ./src/ws2812/ws2812.o
                0x00000678                spi_callback
 .text.timer0_callback
                0x00000688       0x18 ./src/timer/timer0.o
                0x00000688                timer0_callback
 .text._Z11timer0_initv
                0x000006a0       0x20 ./src/timer/timer0.o
                0x000006a0                timer0_init()
 .text._Z5debugPKcz
                0x000006c0       0x44 ./src/debug/debug.o
                0x000006c0                debug(char const*, ...)
 .text._Z10debug_initv
                0x00000704       0x18 ./src/debug/debug.o
                0x00000704                debug_init()
 .text.user_uart_callback
                0x0000071c       0x14 ./src/debug/debug.o
                0x0000071c                user_uart_callback
 .text.hal_entry
                0x00000730      0x154 ./src/hal_entry.o
                0x00000730                hal_entry
 .text.R_BSP_WarmStart
                0x00000884       0x38 ./src/hal_entry.o
                0x00000884                R_BSP_WarmStart
 .text.startup.main
                0x000008bc        0xc ./ra_gen/main.o
                0x000008bc                main
 .text.r_spi_call_callback
                0x000008c8       0x38 ./ra/fsp/src/r_spi/r_spi.o
 .text.r_spi_write_read_common
                0x00000900      0x164 ./ra/fsp/src/r_spi/r_spi.o
 .text.R_SPI_Write
                0x00000a64       0x14 ./ra/fsp/src/r_spi/r_spi.o
                0x00000a64                R_SPI_Write
 .text.R_SPI_Open
                0x00000a78      0x3a0 ./ra/fsp/src/r_spi/r_spi.o
                0x00000a78                R_SPI_Open
 .text.spi_rxi_isr
                0x00000e18       0x9c ./ra/fsp/src/r_spi/r_spi.o
                0x00000e18                spi_rxi_isr
 .text.spi_txi_isr
                0x00000eb4       0xe4 ./ra/fsp/src/r_spi/r_spi.o
                0x00000eb4                spi_txi_isr
 .text.spi_tei_isr
                0x00000f98       0x78 ./ra/fsp/src/r_spi/r_spi.o
                0x00000f98                spi_tei_isr
 .text.spi_eri_isr
                0x00001010       0x78 ./ra/fsp/src/r_spi/r_spi.o
                0x00001010                spi_eri_isr
 .text.R_SCI_UART_Write
                0x00001088       0x78 ./ra/fsp/src/r_sci_uart/r_sci_uart.o
                0x00001088                R_SCI_UART_Write
 .text.r_sci_irq_cfg
                0x00001100       0x84 ./ra/fsp/src/r_sci_uart/r_sci_uart.o
 .text.r_sci_uart_call_callback
                0x00001184       0x50 ./ra/fsp/src/r_sci_uart/r_sci_uart.o
 .text.R_SCI_UART_Open
                0x000011d4      0x308 ./ra/fsp/src/r_sci_uart/r_sci_uart.o
                0x000011d4                R_SCI_UART_Open
 .text.sci_uart_txi_isr
                0x000014dc       0x94 ./ra/fsp/src/r_sci_uart/r_sci_uart.o
                0x000014dc                sci_uart_txi_isr
 .text.sci_uart_rxi_isr
                0x00001570       0xac ./ra/fsp/src/r_sci_uart/r_sci_uart.o
                0x00001570                sci_uart_rxi_isr
 .text.sci_uart_tei_isr
                0x0000161c       0x48 ./ra/fsp/src/r_sci_uart/r_sci_uart.o
                0x0000161c                sci_uart_tei_isr
 .text.sci_uart_eri_isr
                0x00001664       0x74 ./ra/fsp/src/r_sci_uart/r_sci_uart.o
                0x00001664                sci_uart_eri_isr
 .text.R_RTC_CalendarTimeGet
                0x000016d8      0x1d8 ./ra/fsp/src/r_rtc/r_rtc.o
                0x000016d8                R_RTC_CalendarTimeGet
 .text.r_rtc_error_adjustment_set.isra.0
                0x000018b0       0xb0 ./ra/fsp/src/r_rtc/r_rtc.o
 .text.R_RTC_CalendarTimeSet
                0x00001960       0xf4 ./ra/fsp/src/r_rtc/r_rtc.o
                0x00001960                R_RTC_CalendarTimeSet
 .text.R_RTC_Open
                0x00001a54      0x1d4 ./ra/fsp/src/r_rtc/r_rtc.o
                0x00001a54                R_RTC_Open
 .text.rtc_carry_isr
                0x00001c28       0x34 ./ra/fsp/src/r_rtc/r_rtc.o
                0x00001c28                rtc_carry_isr
 .text.R_IOPORT_Close
                0x00001c5c        0x8 ./ra/fsp/src/r_ioport/r_ioport.o
                0x00001c5c                R_IOPORT_Close
 .text.R_IOPORT_PinRead
                0x00001c64       0x24 ./ra/fsp/src/r_ioport/r_ioport.o
                0x00001c64                R_IOPORT_PinRead
 .text.R_IOPORT_PortRead
                0x00001c88       0x18 ./ra/fsp/src/r_ioport/r_ioport.o
                0x00001c88                R_IOPORT_PortRead
 .text.R_IOPORT_PortWrite
                0x00001ca0       0x20 ./ra/fsp/src/r_ioport/r_ioport.o
                0x00001ca0                R_IOPORT_PortWrite
 .text.R_IOPORT_PinWrite
                0x00001cc0       0x28 ./ra/fsp/src/r_ioport/r_ioport.o
                0x00001cc0                R_IOPORT_PinWrite
 .text.R_IOPORT_PortDirectionSet
                0x00001ce8       0x24 ./ra/fsp/src/r_ioport/r_ioport.o
                0x00001ce8                R_IOPORT_PortDirectionSet
 .text.R_IOPORT_PortEventInputRead
                0x00001d0c       0x18 ./ra/fsp/src/r_ioport/r_ioport.o
                0x00001d0c                R_IOPORT_PortEventInputRead
 .text.R_IOPORT_PinEventInputRead
                0x00001d24       0x2c ./ra/fsp/src/r_ioport/r_ioport.o
                0x00001d24                R_IOPORT_PinEventInputRead
 .text.R_IOPORT_PortEventOutputWrite
                0x00001d50       0x20 ./ra/fsp/src/r_ioport/r_ioport.o
                0x00001d50                R_IOPORT_PortEventOutputWrite
 .text.R_IOPORT_EthernetModeCfg
                0x00001d70        0x4 ./ra/fsp/src/r_ioport/r_ioport.o
                0x00001d70                R_IOPORT_EthernetModeCfg
 .text.R_IOPORT_PinEventOutputWrite
                0x00001d74       0x4c ./ra/fsp/src/r_ioport/r_ioport.o
                0x00001d74                R_IOPORT_PinEventOutputWrite
 .text.r_ioport_pins_config
                0x00001dc0       0xf8 ./ra/fsp/src/r_ioport/r_ioport.o
 .text.R_IOPORT_Open
                0x00001eb8       0x18 ./ra/fsp/src/r_ioport/r_ioport.o
                0x00001eb8                R_IOPORT_Open
 .text.R_IOPORT_PinsCfg
                0x00001ed0        0xc ./ra/fsp/src/r_ioport/r_ioport.o
                0x00001ed0                R_IOPORT_PinsCfg
 .text.R_IOPORT_PinCfg
                0x00001edc       0xa0 ./ra/fsp/src/r_ioport/r_ioport.o
                0x00001edc                R_IOPORT_PinCfg
 .text.R_GPT_Start
                0x00001f7c        0xc ./ra/fsp/src/r_gpt/r_gpt.o
                0x00001f7c                R_GPT_Start
 .text.r_gpt_enable_irq
                0x00001f88       0x90 ./ra/fsp/src/r_gpt/r_gpt.o
 .text.R_GPT_Open
                0x00002018       0xf8 ./ra/fsp/src/r_gpt/r_gpt.o
                0x00002018                R_GPT_Open
 .text.r_gpt_call_callback
                0x00002110       0x40 ./ra/fsp/src/r_gpt/r_gpt.o
 .text.gpt_counter_overflow_isr
                0x00002150       0x74 ./ra/fsp/src/r_gpt/r_gpt.o
                0x00002150                gpt_counter_overflow_isr
 .text.R_DTC_Reset
                0x000021c4       0xa0 ./ra/fsp/src/r_dtc/r_dtc.o
                0x000021c4                R_DTC_Reset
 .text.R_DTC_SoftwareStart
                0x00002264        0x4 ./ra/fsp/src/r_dtc/r_dtc.o
                0x00002264                R_DTC_SoftwareStart
 .text.R_DTC_SoftwareStop
                0x00002268        0x4 ./ra/fsp/src/r_dtc/r_dtc.o
                0x00002268                R_DTC_SoftwareStop
 .text.R_DTC_Enable
                0x0000226c       0x20 ./ra/fsp/src/r_dtc/r_dtc.o
                0x0000226c                R_DTC_Enable
 .text.R_DTC_Disable
                0x0000228c       0x20 ./ra/fsp/src/r_dtc/r_dtc.o
                0x0000228c                R_DTC_Disable
 .text.R_DTC_InfoGet
                0x000022ac       0x4c ./ra/fsp/src/r_dtc/r_dtc.o
                0x000022ac                R_DTC_InfoGet
 .text.R_DTC_Close
                0x000022f8       0x34 ./ra/fsp/src/r_dtc/r_dtc.o
                0x000022f8                R_DTC_Close
 .text.R_DTC_Open
                0x0000232c       0xe0 ./ra/fsp/src/r_dtc/r_dtc.o
                0x0000232c                R_DTC_Open
 .text.R_DTC_Reconfigure
                0x0000240c       0xa4 ./ra/fsp/src/r_dtc/r_dtc.o
                0x0000240c                R_DTC_Reconfigure
 .text.r_adc_call_callback
                0x000024b0       0x3c ./ra/fsp/src/r_adc/r_adc.o
 .text.r_adc_scan_end_common_isr
                0x000024ec       0x5c ./ra/fsp/src/r_adc/r_adc.o
 .text.adc_scan_end_isr
                0x00002548        0xc ./ra/fsp/src/r_adc/r_adc.o
                0x00002548                adc_scan_end_isr
 .text.SystemCoreClockUpdate
                0x00002554       0x2c ./ra/fsp/src/bsp/mcu/all/bsp_clocks.o
                0x00002554                SystemCoreClockUpdate
 .text.bsp_clock_init
                0x00002580      0x140 ./ra/fsp/src/bsp/mcu/all/bsp_clocks.o
                0x00002580                bsp_clock_init
 .text.bsp_init_internal
                0x000026c0        0x4 ./ra/fsp/src/bsp/mcu/all/bsp_common.o
                0x000026c0                bsp_init_internal
                0x000026c0                bsp_init
 .text.__assert_func
                0x000026c4        0x4 ./ra/fsp/src/bsp/mcu/all/bsp_common.o
                0x000026c4                __assert_func
 .text.bsp_prv_software_delay_loop
                0x000026c8        0x8 ./ra/fsp/src/bsp/mcu/all/bsp_delay.o
                0x000026c8                bsp_prv_software_delay_loop
 .text.R_BSP_SoftwareDelay
                0x000026d0       0x5c ./ra/fsp/src/bsp/mcu/all/bsp_delay.o
                0x000026d0                R_BSP_SoftwareDelay
 .text.NMI_Handler
                0x0000272c       0x48 ./ra/fsp/src/bsp/mcu/all/bsp_group_irq.o
                0x0000272c                NMI_Handler
 .text.bsp_irq_cfg
                0x00002774       0x28 ./ra/fsp/src/bsp/mcu/all/bsp_irq.o
                0x00002774                bsp_irq_cfg
 .text.R_BSP_RegisterProtectEnable
                0x0000279c       0x54 ./ra/fsp/src/bsp/mcu/all/bsp_register_protection.o
                0x0000279c                R_BSP_RegisterProtectEnable
 .text.R_BSP_RegisterProtectDisable
                0x000027f0       0x4c ./ra/fsp/src/bsp/mcu/all/bsp_register_protection.o
                0x000027f0                R_BSP_RegisterProtectDisable
 .text._sbrk    0x0000283c       0x44 ./ra/fsp/src/bsp/mcu/all/bsp_sbrk.o
                0x0000283c                _sbrk
 .text.Default_Handler
                0x00002880        0x4 ./ra/fsp/src/bsp/cmsis/Device/RENESAS/Source/startup.o
                0x00002880                DebugMon_Handler
                0x00002880                HardFault_Handler
                0x00002880                SysTick_Handler
                0x00002880                PendSV_Handler
                0x00002880                UsageFault_Handler
                0x00002880                SecureFault_Handler
                0x00002880                Default_Handler
                0x00002880                MemManage_Handler
                0x00002880                SVC_Handler
                0x00002880                BusFault_Handler
 .text.Reset_Handler
                0x00002884        0xc ./ra/fsp/src/bsp/cmsis/Device/RENESAS/Source/startup.o
                0x00002884                Reset_Handler
 .text.SystemInit
                0x00002890      0x144 ./ra/fsp/src/bsp/cmsis/Device/RENESAS/Source/system.o
                0x00002890                SystemInit
 .text          0x000029d4       0x3c d:/ra/e2s/toolchains/gcc_arm/gcc-arm-none-eabi-10.3-2021.10/bin/../lib/gcc/arm-none-eabi/10.3.1/thumb/v8-m.base/nofp\libgcc.a(_clzsi2.o)
                0x000029d4                __clzsi2
 .text          0x00002a10       0x48 d:/ra/e2s/toolchains/gcc_arm/gcc-arm-none-eabi-10.3-2021.10/bin/../lib/gcc/arm-none-eabi/10.3.1/thumb/v8-m.base/nofp\libgcc.a(_aeabi_ldivmod.o)
                0x00002a10                __aeabi_ldivmod
 .text          0x00002a58       0x5c d:/ra/e2s/toolchains/gcc_arm/gcc-arm-none-eabi-10.3-2021.10/bin/../lib/gcc/arm-none-eabi/10.3.1/thumb/v8-m.base/nofp\libgcc.a(_muldi3.o)
                0x00002a58                __muldi3
                0x00002a58                __aeabi_lmul
 .text          0x00002ab4       0x3c d:/ra/e2s/toolchains/gcc_arm/gcc-arm-none-eabi-10.3-2021.10/bin/../lib/gcc/arm-none-eabi/10.3.1/thumb/v8-m.base/nofp\libgcc.a(bpabi.o)
                0x00002ab4                __gnu_ldivmod_helper
 .text          0x00002af0      0xa10 d:/ra/e2s/toolchains/gcc_arm/gcc-arm-none-eabi-10.3-2021.10/bin/../lib/gcc/arm-none-eabi/10.3.1/thumb/v8-m.base/nofp\libgcc.a(unwind-arm.o)
                0x00002db8                _Unwind_GetCFA
                0x00002dbc                __gnu_Unwind_RaiseException
                0x00002e10                __gnu_Unwind_ForcedUnwind
                0x00002e24                __gnu_Unwind_Resume
                0x00002e68                __gnu_Unwind_Resume_or_Rethrow
                0x00002e80                _Unwind_Complete
                0x00002e84                _Unwind_DeleteException
                0x00002e94                _Unwind_VRS_Get
                0x00002ee0                _Unwind_VRS_Set
                0x00002f2c                __gnu_Unwind_Backtrace
                0x00003278                __aeabi_unwind_cpp_pr0
                0x00003284                __aeabi_unwind_cpp_pr1
                0x00003290                __aeabi_unwind_cpp_pr2
                0x0000329c                _Unwind_VRS_Pop
 .text          0x00003500      0x144 d:/ra/e2s/toolchains/gcc_arm/gcc-arm-none-eabi-10.3-2021.10/bin/../lib/gcc/arm-none-eabi/10.3.1/thumb/v8-m.base/nofp\libgcc.a(libunwind.o)
                0x00003500                __restore_core_regs
                0x00003500                restore_core_regs
                0x0000352c                __gnu_Unwind_Restore_VFP
                0x00003530                __gnu_Unwind_Save_VFP
                0x00003534                __gnu_Unwind_Restore_VFP_D
                0x00003538                __gnu_Unwind_Save_VFP_D
                0x0000353c                __gnu_Unwind_Restore_VFP_D_16_to_31
                0x00003540                __gnu_Unwind_Save_VFP_D_16_to_31
                0x00003544                __gnu_Unwind_Restore_WMMXD
                0x00003548                __gnu_Unwind_Save_WMMXD
                0x0000354c                __gnu_Unwind_Restore_WMMXC
                0x00003550                __gnu_Unwind_Save_WMMXC
                0x00003554                ___Unwind_RaiseException
                0x00003554                _Unwind_RaiseException
                0x00003584                _Unwind_Resume
                0x00003584                ___Unwind_Resume
                0x000035b4                _Unwind_Resume_or_Rethrow
                0x000035b4                ___Unwind_Resume_or_Rethrow
                0x000035e4                _Unwind_ForcedUnwind
                0x000035e4                ___Unwind_ForcedUnwind
                0x00003614                ___Unwind_Backtrace
                0x00003614                _Unwind_Backtrace
 .text          0x00003644      0x388 d:/ra/e2s/toolchains/gcc_arm/gcc-arm-none-eabi-10.3-2021.10/bin/../lib/gcc/arm-none-eabi/10.3.1/thumb/v8-m.base/nofp\libgcc.a(pr-support.o)
                0x00003694                __gnu_unwind_execute
                0x00003984                __gnu_unwind_frame
                0x000039ac                _Unwind_GetRegionStart
                0x000039b8                _Unwind_GetLanguageSpecificData
 .text          0x000039cc        0x4 d:/ra/e2s/toolchains/gcc_arm/gcc-arm-none-eabi-10.3-2021.10/bin/../lib/gcc/arm-none-eabi/10.3.1/thumb/v8-m.base/nofp\libgcc.a(_dvmd_tls.o)
                0x000039cc                __aeabi_idiv0
                0x000039cc                __aeabi_ldiv0
 .text          0x000039d0      0x32c d:/ra/e2s/toolchains/gcc_arm/gcc-arm-none-eabi-10.3-2021.10/bin/../lib/gcc/arm-none-eabi/10.3.1/thumb/v8-m.base/nofp\libgcc.a(_divdi3.o)
                0x000039d0                __divdi3
 .text.abort    0x00003cfc        0xe d:/ra/e2s/toolchains/gcc_arm/gcc-arm-none-eabi-10.3-2021.10/bin/../lib/gcc/arm-none-eabi/10.3.1/../../../../arm-none-eabi/lib/thumb/v8-m.base/nofp\libg_nano.a(lib_a-abort.o)
                0x00003cfc                abort
 *fill*         0x00003d0a        0x2 ff
 .text.__errno  0x00003d0c        0xc d:/ra/e2s/toolchains/gcc_arm/gcc-arm-none-eabi-10.3-2021.10/bin/../lib/gcc/arm-none-eabi/10.3.1/../../../../arm-none-eabi/lib/thumb/v8-m.base/nofp\libg_nano.a(lib_a-errno.o)
                0x00003d0c                __errno
 .text.gmtime_r
                0x00003d18      0x170 d:/ra/e2s/toolchains/gcc_arm/gcc-arm-none-eabi-10.3-2021.10/bin/../lib/gcc/arm-none-eabi/10.3.1/../../../../arm-none-eabi/lib/thumb/v8-m.base/nofp\libg_nano.a(lib_a-gmtime_r.o)
                0x00003d18                gmtime_r
 .text.memcpy   0x00003e88       0x12 d:/ra/e2s/toolchains/gcc_arm/gcc-arm-none-eabi-10.3-2021.10/bin/../lib/gcc/arm-none-eabi/10.3.1/../../../../arm-none-eabi/lib/thumb/v8-m.base/nofp\libg_nano.a(lib_a-memcpy-stub.o)
                0x00003e88                memcpy
 .text.memset   0x00003e9a       0x10 d:/ra/e2s/toolchains/gcc_arm/gcc-arm-none-eabi-10.3-2021.10/bin/../lib/gcc/arm-none-eabi/10.3.1/../../../../arm-none-eabi/lib/thumb/v8-m.base/nofp\libg_nano.a(lib_a-memset.o)
                0x00003e9a                memset
 *fill*         0x00003eaa        0x2 ff
 .text._free_r  0x00003eac       0x8c d:/ra/e2s/toolchains/gcc_arm/gcc-arm-none-eabi-10.3-2021.10/bin/../lib/gcc/arm-none-eabi/10.3.1/../../../../arm-none-eabi/lib/thumb/v8-m.base/nofp\libg_nano.a(lib_a-nano-freer.o)
                0x00003eac                _free_r
 .text.sbrk_aligned
                0x00003f38       0x40 d:/ra/e2s/toolchains/gcc_arm/gcc-arm-none-eabi-10.3-2021.10/bin/../lib/gcc/arm-none-eabi/10.3.1/../../../../arm-none-eabi/lib/thumb/v8-m.base/nofp\libg_nano.a(lib_a-nano-mallocr.o)
 .text._malloc_r
                0x00003f78       0xec d:/ra/e2s/toolchains/gcc_arm/gcc-arm-none-eabi-10.3-2021.10/bin/../lib/gcc/arm-none-eabi/10.3.1/../../../../arm-none-eabi/lib/thumb/v8-m.base/nofp\libg_nano.a(lib_a-nano-mallocr.o)
                0x00003f78                _malloc_r
 .text._sbrk_r  0x00004064       0x20 d:/ra/e2s/toolchains/gcc_arm/gcc-arm-none-eabi-10.3-2021.10/bin/../lib/gcc/arm-none-eabi/10.3.1/../../../../arm-none-eabi/lib/thumb/v8-m.base/nofp\libg_nano.a(lib_a-sbrkr.o)
                0x00004064                _sbrk_r
 .text._raise_r
                0x00004084       0x50 d:/ra/e2s/toolchains/gcc_arm/gcc-arm-none-eabi-10.3-2021.10/bin/../lib/gcc/arm-none-eabi/10.3.1/../../../../arm-none-eabi/lib/thumb/v8-m.base/nofp\libg_nano.a(lib_a-signal.o)
                0x00004084                _raise_r
 .text.raise    0x000040d4       0x14 d:/ra/e2s/toolchains/gcc_arm/gcc-arm-none-eabi-10.3-2021.10/bin/../lib/gcc/arm-none-eabi/10.3.1/../../../../arm-none-eabi/lib/thumb/v8-m.base/nofp\libg_nano.a(lib_a-signal.o)
                0x000040d4                raise
 .text._kill_r  0x000040e8       0x24 d:/ra/e2s/toolchains/gcc_arm/gcc-arm-none-eabi-10.3-2021.10/bin/../lib/gcc/arm-none-eabi/10.3.1/../../../../arm-none-eabi/lib/thumb/v8-m.base/nofp\libg_nano.a(lib_a-signalr.o)
                0x000040e8                _kill_r
 .text._getpid_r
                0x0000410c        0x8 d:/ra/e2s/toolchains/gcc_arm/gcc-arm-none-eabi-10.3-2021.10/bin/../lib/gcc/arm-none-eabi/10.3.1/../../../../arm-none-eabi/lib/thumb/v8-m.base/nofp\libg_nano.a(lib_a-signalr.o)
                0x0000410c                _getpid_r
 .text          0x00004114        0xe d:/ra/e2s/toolchains/gcc_arm/gcc-arm-none-eabi-10.3-2021.10/bin/../lib/gcc/arm-none-eabi/10.3.1/../../../../arm-none-eabi/lib/thumb/v8-m.base/nofp\libg_nano.a(lib_a-strlen.o)
                0x00004114                strlen
 *fill*         0x00004122        0x2 ff
 .text._vsprintf_r
                0x00004124       0x2c d:/ra/e2s/toolchains/gcc_arm/gcc-arm-none-eabi-10.3-2021.10/bin/../lib/gcc/arm-none-eabi/10.3.1/../../../../arm-none-eabi/lib/thumb/v8-m.base/nofp\libg_nano.a(lib_a-vsprintf.o)
                0x00004124                _vsprintf_r
                0x00004124                _vsiprintf_r
 .text.vsprintf
                0x00004150       0x18 d:/ra/e2s/toolchains/gcc_arm/gcc-arm-none-eabi-10.3-2021.10/bin/../lib/gcc/arm-none-eabi/10.3.1/../../../../arm-none-eabi/lib/thumb/v8-m.base/nofp\libg_nano.a(lib_a-vsprintf.o)
                0x00004150                vsiprintf
                0x00004150                vsprintf
 .text.__malloc_lock
                0x00004168       0x10 d:/ra/e2s/toolchains/gcc_arm/gcc-arm-none-eabi-10.3-2021.10/bin/../lib/gcc/arm-none-eabi/10.3.1/../../../../arm-none-eabi/lib/thumb/v8-m.base/nofp\libg_nano.a(lib_a-mlock.o)
                0x00004168                __malloc_lock
 .text.__malloc_unlock
                0x00004178       0x10 d:/ra/e2s/toolchains/gcc_arm/gcc-arm-none-eabi-10.3-2021.10/bin/../lib/gcc/arm-none-eabi/10.3.1/../../../../arm-none-eabi/lib/thumb/v8-m.base/nofp\libg_nano.a(lib_a-mlock.o)
                0x00004178                __malloc_unlock
 .text.__ssputs_r
                0x00004188       0xc4 d:/ra/e2s/toolchains/gcc_arm/gcc-arm-none-eabi-10.3-2021.10/bin/../lib/gcc/arm-none-eabi/10.3.1/../../../../arm-none-eabi/lib/thumb/v8-m.base/nofp\libg_nano.a(lib_a-nano-svfprintf.o)
                0x00004188                __ssputs_r
 .text._svfprintf_r
                0x0000424c      0x1fc d:/ra/e2s/toolchains/gcc_arm/gcc-arm-none-eabi-10.3-2021.10/bin/../lib/gcc/arm-none-eabi/10.3.1/../../../../arm-none-eabi/lib/thumb/v8-m.base/nofp\libg_nano.a(lib_a-nano-svfprintf.o)
                0x0000424c                _svfiprintf_r
                0x0000424c                _svfprintf_r
 .text._printf_common
                0x00004448       0xdc d:/ra/e2s/toolchains/gcc_arm/gcc-arm-none-eabi-10.3-2021.10/bin/../lib/gcc/arm-none-eabi/10.3.1/../../../../arm-none-eabi/lib/thumb/v8-m.base/nofp\libg_nano.a(lib_a-nano-vfprintf_i.o)
                0x00004448                _printf_common
 .text._printf_i
                0x00004524      0x218 d:/ra/e2s/toolchains/gcc_arm/gcc-arm-none-eabi-10.3-2021.10/bin/../lib/gcc/arm-none-eabi/10.3.1/../../../../arm-none-eabi/lib/thumb/v8-m.base/nofp\libg_nano.a(lib_a-nano-vfprintf_i.o)
                0x00004524                _printf_i
 .text.__retarget_lock_acquire_recursive
                0x0000473c        0x2 d:/ra/e2s/toolchains/gcc_arm/gcc-arm-none-eabi-10.3-2021.10/bin/../lib/gcc/arm-none-eabi/10.3.1/../../../../arm-none-eabi/lib/thumb/v8-m.base/nofp\libg_nano.a(lib_a-lock.o)
                0x0000473c                __retarget_lock_acquire_recursive
 .text.__retarget_lock_release_recursive
                0x0000473e        0x2 d:/ra/e2s/toolchains/gcc_arm/gcc-arm-none-eabi-10.3-2021.10/bin/../lib/gcc/arm-none-eabi/10.3.1/../../../../arm-none-eabi/lib/thumb/v8-m.base/nofp\libg_nano.a(lib_a-lock.o)
                0x0000473e                __retarget_lock_release_recursive
 .text.memchr   0x00004740       0x16 d:/ra/e2s/toolchains/gcc_arm/gcc-arm-none-eabi-10.3-2021.10/bin/../lib/gcc/arm-none-eabi/10.3.1/../../../../arm-none-eabi/lib/thumb/v8-m.base/nofp\libg_nano.a(lib_a-memchr-stub.o)
                0x00004740                memchr
 .text.memmove  0x00004756       0x26 d:/ra/e2s/toolchains/gcc_arm/gcc-arm-none-eabi-10.3-2021.10/bin/../lib/gcc/arm-none-eabi/10.3.1/../../../../arm-none-eabi/lib/thumb/v8-m.base/nofp\libg_nano.a(lib_a-memmove.o)
                0x00004756                memmove
 .text._realloc_r
                0x0000477c       0x5c d:/ra/e2s/toolchains/gcc_arm/gcc-arm-none-eabi-10.3-2021.10/bin/../lib/gcc/arm-none-eabi/10.3.1/../../../../arm-none-eabi/lib/thumb/v8-m.base/nofp\libg_nano.a(lib_a-nano-reallocr.o)
                0x0000477c                _realloc_r
 .text._malloc_usable_size_r
                0x000047d8       0x10 d:/ra/e2s/toolchains/gcc_arm/gcc-arm-none-eabi-10.3-2021.10/bin/../lib/gcc/arm-none-eabi/10.3.1/../../../../arm-none-eabi/lib/thumb/v8-m.base/nofp\libg_nano.a(lib_a-nano-msizer.o)
                0x000047d8                _malloc_usable_size_r
 .text          0x000047e8       0x14 d:/ra/e2s/toolchains/gcc_arm/gcc-arm-none-eabi-10.3-2021.10/bin/../lib/gcc/arm-none-eabi/10.3.1/thumb/v8-m.base/nofp\libgcc.a(_thumb1_case_shi.o)
                0x000047e8                __gnu_thumb1_case_shi
 .text._getpid  0x000047fc       0x14 d:/ra/e2s/toolchains/gcc_arm/gcc-arm-none-eabi-10.3-2021.10/bin/../lib/gcc/arm-none-eabi/10.3.1/../../../../arm-none-eabi/lib/thumb/v8-m.base/nofp\libnosys.a(getpid.o)
                0x000047fc                _getpid
 .text._kill    0x00004810       0x14 d:/ra/e2s/toolchains/gcc_arm/gcc-arm-none-eabi-10.3-2021.10/bin/../lib/gcc/arm-none-eabi/10.3.1/../../../../arm-none-eabi/lib/thumb/v8-m.base/nofp\libnosys.a(kill.o)
                0x00004810                _kill
 .text._exit    0x00004824        0x4 d:/ra/e2s/toolchains/gcc_arm/gcc-arm-none-eabi-10.3-2021.10/bin/../lib/gcc/arm-none-eabi/10.3.1/../../../../arm-none-eabi/lib/thumb/v8-m.base/nofp\libnosys.a(_exit.o)
                0x00004824                _exit
 *(.version)
 .version       0x00004828       0x50 ./ra/fsp/src/bsp/mcu/all/bsp_common.o
 *(.init)
 .init          0x00004878        0x4 d:/ra/e2s/toolchains/gcc_arm/gcc-arm-none-eabi-10.3-2021.10/bin/../lib/gcc/arm-none-eabi/10.3.1/thumb/v8-m.base/nofp/crti.o
                0x00004878                _init
 .init          0x0000487c        0x8 d:/ra/e2s/toolchains/gcc_arm/gcc-arm-none-eabi-10.3-2021.10/bin/../lib/gcc/arm-none-eabi/10.3.1/thumb/v8-m.base/nofp/crtn.o
 *(.fini)
 .fini          0x00004884        0x4 d:/ra/e2s/toolchains/gcc_arm/gcc-arm-none-eabi-10.3-2021.10/bin/../lib/gcc/arm-none-eabi/10.3.1/thumb/v8-m.base/nofp/crti.o
                0x00004884                _fini
 .fini          0x00004888        0x8 d:/ra/e2s/toolchains/gcc_arm/gcc-arm-none-eabi-10.3-2021.10/bin/../lib/gcc/arm-none-eabi/10.3.1/thumb/v8-m.base/nofp/crtn.o
 *crtbegin.o(.ctors)
 *crtbegin?.o(.ctors)
 *(EXCLUDE_FILE(*crtend.o *crtend?.o) .ctors)
 *(SORT_BY_NAME(.ctors.*))
 *(.ctors)
 *crtbegin.o(.dtors)
 *crtbegin?.o(.dtors)
 *(EXCLUDE_FILE(*crtend.o *crtend?.o) .dtors)
 *(SORT_BY_NAME(.dtors.*))
 *(.dtors)
 *(.rodata*)
 .rodata._Z11ws2812_sendv.part.0.str1.4
                0x00004890       0x49 ./src/ws2812/ws2812.o
 *fill*         0x000048d9        0x3 ff
 .rodata._Z11ws2812_initv.str1.4
                0x000048dc       0x13 ./src/ws2812/ws2812.o
 *fill*         0x000048ef        0x1 ff
 .rodata.timer0_callback.str1.4
                0x000048f0        0x7 ./src/timer/timer0.o
 *fill*         0x000048f7        0x1 ff
 .rodata.hal_entry.str1.4
                0x000048f8       0xaf ./src/hal_entry.o
 *fill*         0x000049a7        0x1 ff
 .rodata.g_ioport
                0x000049a8        0xc ./ra_gen/common_data.o
                0x000049a8                g_ioport
 .rodata.g_rtc0_cfg
                0x000049b4       0x20 ./ra_gen/hal_data.o
                0x000049b4                g_rtc0_cfg
 .rodata.g_rtc0_err_cfg
                0x000049d4        0x8 ./ra_gen/hal_data.o
                0x000049d4                g_rtc0_err_cfg
 .rodata.g_spi0_cfg
                0x000049dc       0x24 ./ra_gen/hal_data.o
                0x000049dc                g_spi0_cfg
 .rodata.g_spi0_ext_cfg
                0x00004a00        0xc ./ra_gen/hal_data.o
                0x00004a00                g_spi0_ext_cfg
 .rodata.g_timer0_cfg
                0x00004a0c       0x20 ./ra_gen/hal_data.o
                0x00004a0c                g_timer0_cfg
 .rodata.g_timer0_extend
                0x00004a2c       0x30 ./ra_gen/hal_data.o
                0x00004a2c                g_timer0_extend
 .rodata.g_transfer0
                0x00004a5c        0xc ./ra_gen/hal_data.o
                0x00004a5c                g_transfer0
 .rodata.g_transfer0_cfg
                0x00004a68        0x8 ./ra_gen/hal_data.o
                0x00004a68                g_transfer0_cfg
 .rodata.g_transfer0_cfg_extend
                0x00004a70        0x1 ./ra_gen/hal_data.o
                0x00004a70                g_transfer0_cfg_extend
 *fill*         0x00004a71        0x3 ff
 .rodata.g_transfer1
                0x00004a74        0xc ./ra_gen/hal_data.o
                0x00004a74                g_transfer1
 .rodata.g_transfer1_cfg
                0x00004a80        0x8 ./ra_gen/hal_data.o
                0x00004a80                g_transfer1_cfg
 .rodata.g_transfer1_cfg_extend
                0x00004a88        0x1 ./ra_gen/hal_data.o
                0x00004a88                g_transfer1_cfg_extend
 *fill*         0x00004a89        0x3 ff
 .rodata.g_uart0_cfg
                0x00004a8c       0x20 ./ra_gen/hal_data.o
                0x00004a8c                g_uart0_cfg
 .rodata.g_uart0_cfg_extend
                0x00004aac       0x14 ./ra_gen/hal_data.o
                0x00004aac                g_uart0_cfg_extend
 .rodata.g_bsp_pin_cfg
                0x00004ac0        0x8 ./ra_gen/pin_data.o
                0x00004ac0                g_bsp_pin_cfg
 .rodata.g_bsp_pin_cfg_data
                0x00004ac8       0x68 ./ra_gen/pin_data.o
                0x00004ac8                g_bsp_pin_cfg_data
 .rodata.g_interrupt_event_link_select
                0x00004b30       0x20 ./ra_gen/vector_data.o
                0x00004b30                g_interrupt_event_link_select
 .rodata.g_ioport_on_ioport
                0x00004b50       0x38 ./ra/fsp/src/r_ioport/r_ioport.o
                0x00004b50                g_ioport_on_ioport
 .rodata.g_transfer_on_dtc
                0x00004b88       0x24 ./ra/fsp/src/r_dtc/r_dtc.o
                0x00004b88                g_transfer_on_dtc
 .rodata.g_prcr_masks
                0x00004bac        0x8 ./ra/fsp/src/bsp/mcu/all/bsp_register_protection.o
 .rodata._svfprintf_r.str1.1
                0x00004bb4       0x11 d:/ra/e2s/toolchains/gcc_arm/gcc-arm-none-eabi-10.3-2021.10/bin/../lib/gcc/arm-none-eabi/10.3.1/../../../../arm-none-eabi/lib/thumb/v8-m.base/nofp\libg_nano.a(lib_a-nano-svfprintf.o)
 .rodata._printf_i.str1.1
                0x00004bc5       0x22 d:/ra/e2s/toolchains/gcc_arm/gcc-arm-none-eabi-10.3-2021.10/bin/../lib/gcc/arm-none-eabi/10.3.1/../../../../arm-none-eabi/lib/thumb/v8-m.base/nofp\libg_nano.a(lib_a-nano-vfprintf_i.o)
                0x00004be7                __usb_dev_descriptor_start_fs = .
 *(.usb_device_desc_fs*)
                0x00004be7                __usb_cfg_descriptor_start_fs = .
 *(.usb_config_desc_fs*)
                0x00004be7                __usb_interface_descriptor_start_fs = .
 *(.usb_interface_desc_fs*)
                0x00004be7                __usb_descriptor_end_fs = .
                0x00004be7                __usb_dev_descriptor_start_hs = .
 *(.usb_device_desc_hs*)
                0x00004be7                __usb_cfg_descriptor_start_hs = .
 *(.usb_config_desc_hs*)
                0x00004be7                __usb_interface_descriptor_start_hs = .
 *(.usb_interface_desc_hs*)
                0x00004be7                __usb_descriptor_end_hs = .
 *(.eh_frame*)
 *fill*         0x00004be7        0x1 ff
 .eh_frame      0x00004be8        0x0 d:/ra/e2s/toolchains/gcc_arm/gcc-arm-none-eabi-10.3-2021.10/bin/../lib/gcc/arm-none-eabi/10.3.1/thumb/v8-m.base/nofp/crtbegin.o
 .eh_frame      0x00004be8        0x4 d:/ra/e2s/toolchains/gcc_arm/gcc-arm-none-eabi-10.3-2021.10/bin/../lib/gcc/arm-none-eabi/10.3.1/thumb/v8-m.base/nofp/crtend.o
                0x00004bec                __ROM_End = .
                0x000000c0                __Vectors_Size = (__Vectors_End - __Vectors)

.glue_7         0x00004bec        0x0
 .glue_7        0x00004bec        0x0 linker stubs

.glue_7t        0x00004bec        0x0
 .glue_7t       0x00004bec        0x0 linker stubs

.vfp11_veneer   0x00004bec        0x0
 .vfp11_veneer  0x00004bec        0x0 linker stubs

.v4_bx          0x00004bec        0x0
 .v4_bx         0x00004bec        0x0 linker stubs

.iplt           0x00004bec        0x0
 .iplt          0x00004bec        0x0 d:/ra/e2s/toolchains/gcc_arm/gcc-arm-none-eabi-10.3-2021.10/bin/../lib/gcc/arm-none-eabi/10.3.1/thumb/v8-m.base/nofp/crtbegin.o

.ARM.extab      0x00004bec       0x30
 *(.ARM.extab* .gnu.linkonce.armextab.*)
 .ARM.extab     0x00004bec       0x24 d:/ra/e2s/toolchains/gcc_arm/gcc-arm-none-eabi-10.3-2021.10/bin/../lib/gcc/arm-none-eabi/10.3.1/thumb/v8-m.base/nofp\libgcc.a(unwind-arm.o)
 .ARM.extab     0x00004c10        0xc d:/ra/e2s/toolchains/gcc_arm/gcc-arm-none-eabi-10.3-2021.10/bin/../lib/gcc/arm-none-eabi/10.3.1/thumb/v8-m.base/nofp\libgcc.a(pr-support.o)
                0x00004c1c                __exidx_start = .

.ARM.exidx      0x00004c1c      0x118
 *(.ARM.exidx* .gnu.linkonce.armexidx.*)
 .ARM.exidx.text._Z11ws2812_sendv.part.0
                0x00004c1c        0x8 ./src/ws2812/ws2812.o
 .ARM.exidx.text._Z16ws2812_set_colorthhh
                0x00004c24        0x8 ./src/ws2812/ws2812.o
 .ARM.exidx.text._Z12ws2812_blackv
                0x00004c2c        0x0 ./src/ws2812/ws2812.o
                                  0x8 (size before relaxing)
 .ARM.exidx.text._Z11ws2812_initv
                0x00004c2c        0x8 ./src/ws2812/ws2812.o
 .ARM.exidx.text._Z11ws2812_sendv
                0x00004c34        0x0 ./src/ws2812/ws2812.o
                                  0x8 (size before relaxing)
 .ARM.exidx.text.spi_callback
                0x00004c34        0x8 ./src/ws2812/ws2812.o
 .ARM.exidx.text.timer0_callback
                0x00004c3c        0x8 ./src/timer/timer0.o
 .ARM.exidx.text._Z11timer0_initv
                0x00004c44        0x0 ./src/timer/timer0.o
                                  0x8 (size before relaxing)
 .ARM.exidx.text._Z5debugPKcz
                0x00004c44        0x8 ./src/debug/debug.o
 .ARM.exidx.text._Z10debug_initv
                0x00004c4c        0x8 ./src/debug/debug.o
 .ARM.exidx.text.user_uart_callback
                0x00004c54        0x8 ./src/debug/debug.o
 .ARM.exidx.text.hal_entry
                0x00004c5c        0x8 ./src/hal_entry.o
 .ARM.exidx.text.R_BSP_WarmStart
                0x00004c64       0x10 ./src/hal_entry.o
                                  0x8 (size before relaxing)
 .ARM.exidx     0x00004c74       0x90 d:/ra/e2s/toolchains/gcc_arm/gcc-arm-none-eabi-10.3-2021.10/bin/../lib/gcc/arm-none-eabi/10.3.1/thumb/v8-m.base/nofp\libgcc.a(unwind-arm.o)
                                 0xd8 (size before relaxing)
 .ARM.exidx     0x00004d04       0x30 d:/ra/e2s/toolchains/gcc_arm/gcc-arm-none-eabi-10.3-2021.10/bin/../lib/gcc/arm-none-eabi/10.3.1/thumb/v8-m.base/nofp\libgcc.a(pr-support.o)
                                 0x38 (size before relaxing)
 .ARM.exidx     0x00004d34        0x0 d:/ra/e2s/toolchains/gcc_arm/gcc-arm-none-eabi-10.3-2021.10/bin/../lib/gcc/arm-none-eabi/10.3.1/thumb/v8-m.base/nofp\libgcc.a(_divdi3.o)
                                  0x8 (size before relaxing)
                0x00004d34                __exidx_end = .
                0x00004d34                __etext = .
                0x20004000                __tz_RAM_S = ORIGIN (RAM)

.fsp_dtc_vector_table
                0x20004000       0x80
                0x20004000                . = ORIGIN (RAM)
 *(.fsp_dtc_vector_table)
 .fsp_dtc_vector_table
                0x20004000       0x80 ./ra/fsp/src/r_dtc/r_dtc.o

.data           0x20004080       0x94 load address 0x00004d34
                0x20004080                __data_start__ = .
                0x20004080                . = ALIGN (0x4)
                0x20004080                __Code_In_RAM_Start = .
 *(.code_in_ram*)
                0x20004080                __Code_In_RAM_End = .
 *(vtable)
 *(.data.*)
 .data.CODE0    0x20004080        0x1 ./src/ws2812/ws2812.o
                0x20004080                CODE0
 .data.CODE1    0x20004081        0x1 ./src/ws2812/ws2812.o
                0x20004081                CODE1
 *fill*         0x20004082        0x2 
 .data.g_transfer0_info
                0x20004084       0x10 ./ra_gen/hal_data.o
                0x20004084                g_transfer0_info
 .data.g_transfer1_info
                0x20004094       0x10 ./ra_gen/hal_data.o
                0x20004094                g_transfer1_info
 .data.g_uart0_baud_setting
                0x200040a4        0x4 ./ra_gen/hal_data.o
                0x200040a4                g_uart0_baud_setting
 .data._impure_ptr
                0x200040a8        0x4 d:/ra/e2s/toolchains/gcc_arm/gcc-arm-none-eabi-10.3-2021.10/bin/../lib/gcc/arm-none-eabi/10.3.1/../../../../arm-none-eabi/lib/thumb/v8-m.base/nofp\libg_nano.a(lib_a-impure.o)
                0x200040a8                _impure_ptr
 .data.impure_data
                0x200040ac       0x60 d:/ra/e2s/toolchains/gcc_arm/gcc-arm-none-eabi-10.3-2021.10/bin/../lib/gcc/arm-none-eabi/10.3.1/../../../../arm-none-eabi/lib/thumb/v8-m.base/nofp\libg_nano.a(lib_a-impure.o)
 *(.data)
                0x2000410c                . = ALIGN (0x4)
                0x2000410c                PROVIDE (__preinit_array_start = .)
 *(.preinit_array)
                0x2000410c                PROVIDE (__preinit_array_end = .)
                0x2000410c                . = ALIGN (0x4)
                0x2000410c                PROVIDE (__init_array_start = .)
 *(SORT_BY_NAME(.init_array.*))
 *(.init_array)
 .init_array    0x2000410c        0x4 d:/ra/e2s/toolchains/gcc_arm/gcc-arm-none-eabi-10.3-2021.10/bin/../lib/gcc/arm-none-eabi/10.3.1/thumb/v8-m.base/nofp/crtbegin.o
                0x20004110                PROVIDE (__init_array_end = .)
                0x20004110                . = ALIGN (0x4)
                [!provide]                PROVIDE (__fini_array_start = .)
 *(SORT_BY_NAME(.fini_array.*))
 *(.fini_array)
 .fini_array    0x20004110        0x4 d:/ra/e2s/toolchains/gcc_arm/gcc-arm-none-eabi-10.3-2021.10/bin/../lib/gcc/arm-none-eabi/10.3.1/thumb/v8-m.base/nofp/crtbegin.o
                [!provide]                PROVIDE (__fini_array_end = .)
 *(.jcr*)
                0x20004114                . = ALIGN (0x4)
                0x20004114                __data_end__ = .

.igot.plt       0x20004114        0x0 load address 0x00004dc8
 .igot.plt      0x20004114        0x0 d:/ra/e2s/toolchains/gcc_arm/gcc-arm-none-eabi-10.3-2021.10/bin/../lib/gcc/arm-none-eabi/10.3.1/thumb/v8-m.base/nofp/crtbegin.o

.gnu.sgstubs    0x00005000        0x0
                0x00005000                . = (DEFINED (PROJECT_SECURE) && DEFINED (FLASH_NSC_START))?ABSOLUTE (FLASH_NSC_START):ALIGN (0x400)
                0x00005000                __tz_FLASH_C = DEFINED (FLASH_NSC_START)?ABSOLUTE (FLASH_NSC_START):__RESERVE_NS_RAM?ABSOLUTE ((FLASH_START + FLASH_LENGTH)):ALIGN (0x400)
                0x00005000                _start_sg = .
 *(.gnu.sgstubs*)
                0x00005000                . = ALIGN (0x20)
                0x00005000                _end_sg = .
                0x00008000                __tz_FLASH_N = DEFINED (FLASH_NS_START)?ABSOLUTE (FLASH_NS_START):__RESERVE_NS_RAM?ABSOLUTE ((FLASH_START + FLASH_LENGTH)):(FLASH_LENGTH < 0x8000)?FLASH_LENGTH:ALIGN (0x8000)
                0x00008000                FLASH_NS_IMAGE_START = DEFINED (FLASH_NS_IMAGE_START)?FLASH_NS_IMAGE_START:__tz_FLASH_N
                0x60000000                __tz_QSPI_FLASH_S = ORIGIN (QSPI_FLASH)

.qspi_flash     0x60000000        0x0
                0x60000000                __qspi_flash_start__ = .
 *(.qspi_flash*)
 *(.code_in_qspi*)
                0x60000000                __qspi_flash_end__ = .
                0x00000000                __qspi_flash_code_size__ = (__qspi_flash_end__ - __qspi_flash_start__)
                0x00004dc8                __qspi_flash_code_addr__ = (__etext + (__data_end__ - __data_start__))

.qspi_non_retentive
                0x60000000        0x0 load address 0x00004dc8
                0x60000000                __qspi_non_retentive_start__ = .
 *(.qspi_non_retentive*)
                0x60000000                __qspi_non_retentive_end__ = .
                0x00000000                __qspi_non_retentive_size__ = (__qspi_non_retentive_end__ - __qspi_non_retentive_start__)
                0x04000000                __qspi_region_max_size__ = 0x4000000
                0x60000000                __qspi_region_start_address__ = __qspi_flash_start__
                0x64000000                __qspi_region_end_address__ = (__qspi_flash_start__ + __qspi_region_max_size__)
                0x60000000                __tz_QSPI_FLASH_N = __qspi_non_retentive_end__

.OSPI_DEVICE_0_NO_LOAD
                0x68000000        0x0
                0x68000000                . = ALIGN (0x4)
                0x68000000                __ospi_device_0_start__ = .
 *(.ospi_device_0_no_load*)
                0x68000000                . = ALIGN (0x4)
                0x68000000                __ospi_device_0_end__ = .

.OSPI_DEVICE_1_NO_LOAD
                0x70000000        0x0
                0x70000000                . = ALIGN (0x4)
                0x70000000                __ospi_device_1_start__ = .
 *(.ospi_device_1_no_load*)
                0x70000000                . = ALIGN (0x4)
                0x70000000                __ospi_device_1_end__ = .
                0x68000000                __tz_OSPI_DEVICE_0_S = ORIGIN (OSPI_DEVICE_0)

.OSPI_DEVICE_0  0x68000000        0x0
                0x68000000                __ospi_device_0_start__ = .
 *(.ospi_device_0*)
 *(.code_in_ospi_device_0*)
                0x68000000                __ospi_device_0_end__ = .
                0x00000000                __ospi_device_0_code_size__ = (__ospi_device_0_end__ - __ospi_device_0_start__)
                0x00004dc8                __ospi_device_0_code_addr__ = (__etext + (__data_end__ - __data_start__))

.ospi_device_0_non_retentive
                0x68000000        0x0 load address 0x00004dc8
                0x68000000                __ospi_device_0_non_retentive_start__ = .
 *(.ospi_device_0_non_retentive*)
                0x68000000                __ospi_device_0_non_retentive_end__ = .
                0x00000000                __ospi_device_0_non_retentive_size__ = (__ospi_device_0_non_retentive_end__ - __ospi_device_0_non_retentive_start__)
                0x08000000                __ospi_device_0_region_max_size__ = 0x8000000
                0x68000000                __ospi_device_0_region_start_address__ = __ospi_device_0_start__
                0x70000000                __ospi_device_0_region_end_address__ = (__ospi_device_0_start__ + __ospi_device_0_region_max_size__)
                0x68000000                __tz_OSPI_DEVICE_0_N = __ospi_device_0_non_retentive_end__
                0x70000000                __tz_OSPI_DEVICE_1_S = ORIGIN (OSPI_DEVICE_1)

.OSPI_DEVICE_1  0x70000000        0x0
                0x70000000                __ospi_device_1_start__ = .
 *(.ospi_device_1*)
 *(.code_in_ospi_device_1*)
                0x70000000                __ospi_device_1_end__ = .
                0x00000000                __ospi_device_1_code_size__ = (__ospi_device_1_end__ - __ospi_device_1_start__)
                0x00004dc8                __ospi_device_1_code_addr__ = (__etext + (__data_end__ - __data_start__))

.ospi_device_1_non_retentive
                0x70000000        0x0 load address 0x00004dc8
                0x70000000                __ospi_device_1_non_retentive_start__ = .
 *(.ospi_device_1_non_retentive*)
                0x70000000                __ospi_device_1_non_retentive_end__ = .
                0x00000000                __ospi_device_1_non_retentive_size__ = (__ospi_device_1_non_retentive_end__ - __ospi_device_1_non_retentive_start__)
                0x10000000                __ospi_device_1_region_max_size__ = 0x10000000
                0x70000000                __ospi_device_1_region_start_address__ = __ospi_device_1_start__
                0x80000000                __ospi_device_1_region_end_address__ = (__ospi_device_1_start__ + __ospi_device_1_region_max_size__)
                0x70000000                __tz_OSPI_DEVICE_1_N = __ospi_device_1_non_retentive_end__

.noinit         0x20004114       0x14
                0x20004114                . = ALIGN (0x4)
                0x20004114                __noinit_start = .
 *(.noinit*)
 .noinit        0x20004114       0x14 ./ra/fsp/src/bsp/mcu/all/bsp_clocks.o
                0x20004128                . = ALIGN (0x8)
 *(.heap.*)
                0x20004128                __noinit_end = .

.bss            0x20004128      0x7cc
                0x20004128                . = ALIGN (0x4)
                0x20004128                __bss_start__ = .
 *(.bss*)
 .bss           0x20004128       0x1c d:/ra/e2s/toolchains/gcc_arm/gcc-arm-none-eabi-10.3-2021.10/bin/../lib/gcc/arm-none-eabi/10.3.1/thumb/v8-m.base/nofp/crtbegin.o
 .bss.buffer    0x20004144      0x600 ./src/ws2812/ws2812.o
                0x20004144                buffer
 .bss.ws2812_busy
                0x20004744        0x1 ./src/ws2812/ws2812.o
                0x20004744                ws2812_busy
 *fill*         0x20004745        0x3 
 .bss.ws2812_err
                0x20004748        0x4 ./src/ws2812/ws2812.o
                0x20004748                ws2812_err
 .bss.debug_busy
                0x2000474c        0x1 ./src/debug/debug.o
                0x2000474c                debug_busy
 *fill*         0x2000474d        0x3 
 .bss.err       0x20004750        0x4 ./src/hal_entry.o
                0x20004750                err
 .bss.g_ioport_ctrl
                0x20004754        0x8 ./ra_gen/common_data.o
                0x20004754                g_ioport_ctrl
 .bss.g_rtc0_ctrl
                0x2000475c       0x18 ./ra_gen/hal_data.o
                0x2000475c                g_rtc0_ctrl
 .bss.g_spi0_ctrl
                0x20004774       0x30 ./ra_gen/hal_data.o
                0x20004774                g_spi0_ctrl
 .bss.g_timer0_ctrl
                0x200047a4       0x20 ./ra_gen/hal_data.o
                0x200047a4                g_timer0_ctrl
 .bss.g_transfer0_ctrl
                0x200047c4        0x8 ./ra_gen/hal_data.o
                0x200047c4                g_transfer0_ctrl
 .bss.g_transfer1_ctrl
                0x200047cc        0x8 ./ra_gen/hal_data.o
                0x200047cc                g_transfer1_ctrl
 .bss.g_uart0_ctrl
                0x200047d4       0x30 ./ra_gen/hal_data.o
                0x200047d4                g_uart0_ctrl
 .bss.dummy_rx.1
                0x20004804        0x4 ./ra/fsp/src/r_spi/r_spi.o
 .bss.dummy_tx.0
                0x20004808        0x4 ./ra/fsp/src/r_spi/r_spi.o
 .bss.g_dtc_state_initialized.0
                0x2000480c        0x1 ./ra/fsp/src/r_dtc/r_dtc.o
 *fill*         0x2000480d        0x3 
 .bss.g_bsp_group_irq_sources
                0x20004810       0x40 ./ra/fsp/src/bsp/mcu/all/bsp_group_irq.o
                0x20004810                g_bsp_group_irq_sources
 .bss.g_protect_pfswe_counter
                0x20004850        0x4 ./ra/fsp/src/bsp/mcu/all/bsp_io.o
                0x20004850                g_protect_pfswe_counter
 .bss.gp_renesas_isr_context
                0x20004854       0x80 ./ra/fsp/src/bsp/mcu/all/bsp_irq.o
                0x20004854                gp_renesas_isr_context
 .bss.g_protect_counters
                0x200048d4        0x8 ./ra/fsp/src/bsp/mcu/all/bsp_register_protection.o
                0x200048d4                g_protect_counters
 .bss.current_heap_end.0
                0x200048dc        0x4 ./ra/fsp/src/bsp/mcu/all/bsp_sbrk.o
 .bss.SystemCoreClock
                0x200048e0        0x4 ./ra/fsp/src/bsp/cmsis/Device/RENESAS/Source/system.o
                0x200048e0                SystemCoreClock
 .bss.__malloc_free_list
                0x200048e4        0x4 d:/ra/e2s/toolchains/gcc_arm/gcc-arm-none-eabi-10.3-2021.10/bin/../lib/gcc/arm-none-eabi/10.3.1/../../../../arm-none-eabi/lib/thumb/v8-m.base/nofp\libg_nano.a(lib_a-nano-mallocr.o)
                0x200048e4                __malloc_free_list
 .bss.__malloc_sbrk_start
                0x200048e8        0x4 d:/ra/e2s/toolchains/gcc_arm/gcc-arm-none-eabi-10.3-2021.10/bin/../lib/gcc/arm-none-eabi/10.3.1/../../../../arm-none-eabi/lib/thumb/v8-m.base/nofp\libg_nano.a(lib_a-nano-mallocr.o)
                0x200048e8                __malloc_sbrk_start
 .bss.errno     0x200048ec        0x4 d:/ra/e2s/toolchains/gcc_arm/gcc-arm-none-eabi-10.3-2021.10/bin/../lib/gcc/arm-none-eabi/10.3.1/../../../../arm-none-eabi/lib/thumb/v8-m.base/nofp\libg_nano.a(lib_a-reent.o)
                0x200048ec                errno
 .bss.__lock___malloc_recursive_mutex
                0x200048f0        0x1 d:/ra/e2s/toolchains/gcc_arm/gcc-arm-none-eabi-10.3-2021.10/bin/../lib/gcc/arm-none-eabi/10.3.1/../../../../arm-none-eabi/lib/thumb/v8-m.base/nofp\libg_nano.a(lib_a-lock.o)
                0x200048f0                __lock___malloc_recursive_mutex
 *(COMMON)
                0x200048f4                . = ALIGN (0x4)
 *fill*         0x200048f1        0x3 
                0x200048f4                __bss_end__ = .

.heap           0x200048f4        0x4
                0x200048f8                . = ALIGN (0x8)
 *fill*         0x200048f4        0x4 
                0x200048f8                __HeapBase = .
 *(.heap)
                0x200048f8                __HeapLimit = .

.stack_dummy    0x200048f8      0x400
                0x200048f8                . = ALIGN (0x8)
                0x200048f8                __StackLimit = .
 *(.stack)
 .stack         0x200048f8      0x400 ./ra/fsp/src/bsp/cmsis/Device/RENESAS/Source/startup.o
                0x20004cf8                __StackTop = .
 *(.stack*)
                0x20004cf8                __StackTopAll = .
                0x20004cf8                PROVIDE (__stack = __StackTopAll)
                0x20004cf8                __RAM_segment_used_end__ = ALIGN (__StackTopAll, 0x4)
                0x20005000                __tz_RAM_C = DEFINED (RAM_NSC_START)?ABSOLUTE (RAM_NSC_START):__RESERVE_NS_RAM?ABSOLUTE (RAM_NS_BUFFER_BLOCK_START):ALIGN (__RAM_segment_used_end__, 0x400)
                0x20006000                __tz_RAM_N = DEFINED (RAM_NS_START)?ABSOLUTE (RAM_NS_START):__RESERVE_NS_RAM?ABSOLUTE (RAM_NS_BUFFER_BLOCK_START):ALIGN (__tz_RAM_C, 0x2000)

.ns_buffer      0x20004cf8        0x0
                0x20004cf8                . = __RESERVE_NS_RAM?ABSOLUTE ((RAM_NS_BUFFER_START & 0xffffffe0)):.
 *(.ns_buffer*)

.data_flash     0x40100000        0x0
                0x40100000                . = ORIGIN (DATA_FLASH)
                0x40100000                __tz_DATA_FLASH_S = .
                0x40100000                __Data_Flash_Start = .
 *(.data_flash*)
                0x40100000                __Data_Flash_End = .
                0x40100000                __tz_DATA_FLASH_N = DEFINED (DATA_FLASH_NS_START)?ABSOLUTE (DATA_FLASH_NS_START):__RESERVE_NS_RAM?ABSOLUTE ((DATA_FLASH_START + DATA_FLASH_LENGTH)):ALIGN (0x400)
                0x90000000                __tz_SDRAM_S = ORIGIN (SDRAM)

.sdram          0x90000000        0x0
                0x90000000                __SDRAM_Start = .
 *(.sdram*)
 *(.frame*)
                0x90000000                __SDRAM_End = .
                0x90000000                __tz_SDRAM_N = __SDRAM_End
                0x01010018                __tz_ID_CODE_S = ORIGIN (ID_CODE)

.id_code        0x01010018       0x1c
                0x01010018                __ID_Code_Start = .
 *(.id_code*)
 .id_code       0x01010018       0x1c ./ra/fsp/src/bsp/mcu/all/bsp_rom_registers.o
                0x01010034                __ID_Code_End = .
                0x01010034                __tz_ID_CODE_N = __ID_Code_End
                0x00000000                __tz_OPTION_SETTING_S = ORIGIN (OPTION_SETTING)

.rel.dyn        0x01010034        0x0
 .rel.iplt      0x01010034        0x0 d:/ra/e2s/toolchains/gcc_arm/gcc-arm-none-eabi-10.3-2021.10/bin/../lib/gcc/arm-none-eabi/10.3.1/thumb/v8-m.base/nofp/crtbegin.o

.option_setting
                0x00000000        0x0
                0x00000000                __OPTION_SETTING_Start = .
 *(.option_setting_ofs0)
                0x00000000                . = PROJECT_SECURE_OR_FLAT?(__OPTION_SETTING_Start + 0x10):__OPTION_SETTING_Start
 *(.option_setting_dualsel)
                0x00000000                . = PROJECT_SECURE_OR_FLAT?(__OPTION_SETTING_Start + 0x34):__OPTION_SETTING_Start
 *(.option_setting_sas)
                0x00000000                __OPTION_SETTING_End = .
                0x0100a180                __tz_OPTION_SETTING_N = OPTION_SETTING_START_NS

.option_setting_ns
                0x00000000        0x0
                0x00000000                __OPTION_SETTING_NS_Start = .
 *(.option_setting_ofs1)
                0x00000000                . = USE_OPTION_SETTING_NS?(__OPTION_SETTING_NS_Start + 0x10):__OPTION_SETTING_NS_Start
 *(.option_setting_banksel)
                0x00000000                . = USE_OPTION_SETTING_NS?(__OPTION_SETTING_NS_Start + 0x40):__OPTION_SETTING_NS_Start
 *(.option_setting_bps0)
                0x00000000                . = USE_OPTION_SETTING_NS?(__OPTION_SETTING_NS_Start + 0x44):__OPTION_SETTING_NS_Start
 *(.option_setting_bps1)
                0x00000000                . = USE_OPTION_SETTING_NS?(__OPTION_SETTING_NS_Start + 0x48):__OPTION_SETTING_NS_Start
 *(.option_setting_bps2)
                0x00000000                . = USE_OPTION_SETTING_NS?(__OPTION_SETTING_NS_Start + 0x60):__OPTION_SETTING_NS_Start
 *(.option_setting_pbps0)
                0x00000000                . = USE_OPTION_SETTING_NS?(__OPTION_SETTING_NS_Start + 0x64):__OPTION_SETTING_NS_Start
 *(.option_setting_pbps1)
                0x00000000                . = USE_OPTION_SETTING_NS?(__OPTION_SETTING_NS_Start + 0x68):__OPTION_SETTING_NS_Start
 *(.option_setting_pbps2)
                0x00000000                __OPTION_SETTING_NS_End = .
                0x00000000                __tz_OPTION_SETTING_S_S = ORIGIN (OPTION_SETTING_S)

.option_setting_s
                0x00000000        0x0
                0x00000000                __OPTION_SETTING_S_Start = .
 *(.option_setting_ofs1_sec)
                0x00000000                . = PROJECT_SECURE_OR_FLAT?(__OPTION_SETTING_S_Start + 0x10):__OPTION_SETTING_S_Start
 *(.option_setting_banksel_sec)
                0x00000000                . = PROJECT_SECURE_OR_FLAT?(__OPTION_SETTING_S_Start + 0x40):__OPTION_SETTING_S_Start
 *(.option_setting_bps_sec0)
                0x00000000                . = PROJECT_SECURE_OR_FLAT?(__OPTION_SETTING_S_Start + 0x44):__OPTION_SETTING_S_Start
 *(.option_setting_bps_sec1)
                0x00000000                . = PROJECT_SECURE_OR_FLAT?(__OPTION_SETTING_S_Start + 0x48):__OPTION_SETTING_S_Start
 *(.option_setting_bps_sec2)
                0x00000000                . = PROJECT_SECURE_OR_FLAT?(__OPTION_SETTING_S_Start + 0x60):__OPTION_SETTING_S_Start
 *(.option_setting_pbps_sec0)
                0x00000000                . = PROJECT_SECURE_OR_FLAT?(__OPTION_SETTING_S_Start + 0x64):__OPTION_SETTING_S_Start
 *(.option_setting_pbps_sec1)
                0x00000000                . = PROJECT_SECURE_OR_FLAT?(__OPTION_SETTING_S_Start + 0x68):__OPTION_SETTING_S_Start
 *(.option_setting_pbps_sec2)
                0x00000000                . = PROJECT_SECURE_OR_FLAT?(__OPTION_SETTING_S_Start + 0x80):__OPTION_SETTING_S_Start
 *(.option_setting_ofs1_sel)
                0x00000000                . = PROJECT_SECURE_OR_FLAT?(__OPTION_SETTING_S_Start + 0x90):__OPTION_SETTING_S_Start
 *(.option_setting_banksel_sel)
                0x00000000                . = PROJECT_SECURE_OR_FLAT?(__OPTION_SETTING_S_Start + 0xc0):__OPTION_SETTING_S_Start
 *(.option_setting_bps_sel0)
                0x00000000                . = PROJECT_SECURE_OR_FLAT?(__OPTION_SETTING_S_Start + 0xc4):__OPTION_SETTING_S_Start
 *(.option_setting_bps_sel1)
                0x00000000                . = PROJECT_SECURE_OR_FLAT?(__OPTION_SETTING_S_Start + 0xc8):__OPTION_SETTING_S_Start
 *(.option_setting_bps_sel2)
                0x00000000                __OPTION_SETTING_S_End = .
                0x00000000                __tz_OPTION_SETTING_S_N = __OPTION_SETTING_S_End
OUTPUT(super_clock.elf elf32-littlearm)
LOAD linker stubs

.ARM.attributes
                0x00000000       0x2c
 .ARM.attributes
                0x00000000       0x22 d:/ra/e2s/toolchains/gcc_arm/gcc-arm-none-eabi-10.3-2021.10/bin/../lib/gcc/arm-none-eabi/10.3.1/thumb/v8-m.base/nofp/crti.o
 .ARM.attributes
                0x00000022       0x30 d:/ra/e2s/toolchains/gcc_arm/gcc-arm-none-eabi-10.3-2021.10/bin/../lib/gcc/arm-none-eabi/10.3.1/thumb/v8-m.base/nofp/crtbegin.o
 .ARM.attributes
                0x00000052       0x30 ./src/ws2812/ws2812.o
 .ARM.attributes
                0x00000082       0x30 ./src/timer/timer0.o
 .ARM.attributes
                0x000000b2       0x30 ./src/debug/debug.o
 .ARM.attributes
                0x000000e2       0x30 ./src/hal_entry.o
 .ARM.attributes
                0x00000112       0x30 ./ra_gen/common_data.o
 .ARM.attributes
                0x00000142       0x30 ./ra_gen/hal_data.o
 .ARM.attributes
                0x00000172       0x30 ./ra_gen/main.o
 .ARM.attributes
                0x000001a2       0x30 ./ra_gen/pin_data.o
 .ARM.attributes
                0x000001d2       0x30 ./ra_gen/vector_data.o
 .ARM.attributes
                0x00000202       0x30 ./ra/fsp/src/r_spi/r_spi.o
 .ARM.attributes
                0x00000232       0x30 ./ra/fsp/src/r_sci_uart/r_sci_uart.o
 .ARM.attributes
                0x00000262       0x30 ./ra/fsp/src/r_rtc/r_rtc.o
 .ARM.attributes
                0x00000292       0x30 ./ra/fsp/src/r_ioport/r_ioport.o
 .ARM.attributes
                0x000002c2       0x30 ./ra/fsp/src/r_gpt/r_gpt.o
 .ARM.attributes
                0x000002f2       0x30 ./ra/fsp/src/r_dtc/r_dtc.o
 .ARM.attributes
                0x00000322       0x30 ./ra/fsp/src/r_adc/r_adc.o
 .ARM.attributes
                0x00000352       0x30 ./ra/fsp/src/bsp/mcu/all/bsp_clocks.o
 .ARM.attributes
                0x00000382       0x30 ./ra/fsp/src/bsp/mcu/all/bsp_common.o
 .ARM.attributes
                0x000003b2       0x30 ./ra/fsp/src/bsp/mcu/all/bsp_delay.o
 .ARM.attributes
                0x000003e2       0x30 ./ra/fsp/src/bsp/mcu/all/bsp_group_irq.o
 .ARM.attributes
                0x00000412       0x30 ./ra/fsp/src/bsp/mcu/all/bsp_io.o
 .ARM.attributes
                0x00000442       0x30 ./ra/fsp/src/bsp/mcu/all/bsp_irq.o
 .ARM.attributes
                0x00000472       0x30 ./ra/fsp/src/bsp/mcu/all/bsp_register_protection.o
 .ARM.attributes
                0x000004a2       0x30 ./ra/fsp/src/bsp/mcu/all/bsp_rom_registers.o
 .ARM.attributes
                0x000004d2       0x30 ./ra/fsp/src/bsp/mcu/all/bsp_sbrk.o
 .ARM.attributes
                0x00000502       0x30 ./ra/fsp/src/bsp/cmsis/Device/RENESAS/Source/startup.o
 .ARM.attributes
                0x00000532       0x30 ./ra/fsp/src/bsp/cmsis/Device/RENESAS/Source/system.o
 .ARM.attributes
                0x00000562       0x22 d:/ra/e2s/toolchains/gcc_arm/gcc-arm-none-eabi-10.3-2021.10/bin/../lib/gcc/arm-none-eabi/10.3.1/thumb/v8-m.base/nofp\libgcc.a(_clzsi2.o)
 .ARM.attributes
                0x00000584       0x22 d:/ra/e2s/toolchains/gcc_arm/gcc-arm-none-eabi-10.3-2021.10/bin/../lib/gcc/arm-none-eabi/10.3.1/thumb/v8-m.base/nofp\libgcc.a(_aeabi_ldivmod.o)
 .ARM.attributes
                0x000005a6       0x30 d:/ra/e2s/toolchains/gcc_arm/gcc-arm-none-eabi-10.3-2021.10/bin/../lib/gcc/arm-none-eabi/10.3.1/thumb/v8-m.base/nofp\libgcc.a(_muldi3.o)
 .ARM.attributes
                0x000005d6       0x30 d:/ra/e2s/toolchains/gcc_arm/gcc-arm-none-eabi-10.3-2021.10/bin/../lib/gcc/arm-none-eabi/10.3.1/thumb/v8-m.base/nofp\libgcc.a(bpabi.o)
 .ARM.attributes
                0x00000606       0x30 d:/ra/e2s/toolchains/gcc_arm/gcc-arm-none-eabi-10.3-2021.10/bin/../lib/gcc/arm-none-eabi/10.3.1/thumb/v8-m.base/nofp\libgcc.a(unwind-arm.o)
 .ARM.attributes
                0x00000636       0x22 d:/ra/e2s/toolchains/gcc_arm/gcc-arm-none-eabi-10.3-2021.10/bin/../lib/gcc/arm-none-eabi/10.3.1/thumb/v8-m.base/nofp\libgcc.a(libunwind.o)
 .ARM.attributes
                0x00000658       0x30 d:/ra/e2s/toolchains/gcc_arm/gcc-arm-none-eabi-10.3-2021.10/bin/../lib/gcc/arm-none-eabi/10.3.1/thumb/v8-m.base/nofp\libgcc.a(pr-support.o)
 .ARM.attributes
                0x00000688       0x22 d:/ra/e2s/toolchains/gcc_arm/gcc-arm-none-eabi-10.3-2021.10/bin/../lib/gcc/arm-none-eabi/10.3.1/thumb/v8-m.base/nofp\libgcc.a(_dvmd_tls.o)
 .ARM.attributes
                0x000006aa       0x30 d:/ra/e2s/toolchains/gcc_arm/gcc-arm-none-eabi-10.3-2021.10/bin/../lib/gcc/arm-none-eabi/10.3.1/thumb/v8-m.base/nofp\libgcc.a(_divdi3.o)
 .ARM.attributes
                0x000006da       0x30 d:/ra/e2s/toolchains/gcc_arm/gcc-arm-none-eabi-10.3-2021.10/bin/../lib/gcc/arm-none-eabi/10.3.1/../../../../arm-none-eabi/lib/thumb/v8-m.base/nofp\libg_nano.a(lib_a-abort.o)
 .ARM.attributes
                0x0000070a       0x30 d:/ra/e2s/toolchains/gcc_arm/gcc-arm-none-eabi-10.3-2021.10/bin/../lib/gcc/arm-none-eabi/10.3.1/../../../../arm-none-eabi/lib/thumb/v8-m.base/nofp\libg_nano.a(lib_a-errno.o)
 .ARM.attributes
                0x0000073a       0x30 d:/ra/e2s/toolchains/gcc_arm/gcc-arm-none-eabi-10.3-2021.10/bin/../lib/gcc/arm-none-eabi/10.3.1/../../../../arm-none-eabi/lib/thumb/v8-m.base/nofp\libg_nano.a(lib_a-gmtime_r.o)
 .ARM.attributes
                0x0000076a       0x30 d:/ra/e2s/toolchains/gcc_arm/gcc-arm-none-eabi-10.3-2021.10/bin/../lib/gcc/arm-none-eabi/10.3.1/../../../../arm-none-eabi/lib/thumb/v8-m.base/nofp\libg_nano.a(lib_a-impure.o)
 .ARM.attributes
                0x0000079a       0x30 d:/ra/e2s/toolchains/gcc_arm/gcc-arm-none-eabi-10.3-2021.10/bin/../lib/gcc/arm-none-eabi/10.3.1/../../../../arm-none-eabi/lib/thumb/v8-m.base/nofp\libg_nano.a(lib_a-memcpy-stub.o)
 .ARM.attributes
                0x000007ca       0x30 d:/ra/e2s/toolchains/gcc_arm/gcc-arm-none-eabi-10.3-2021.10/bin/../lib/gcc/arm-none-eabi/10.3.1/../../../../arm-none-eabi/lib/thumb/v8-m.base/nofp\libg_nano.a(lib_a-memset.o)
 .ARM.attributes
                0x000007fa       0x30 d:/ra/e2s/toolchains/gcc_arm/gcc-arm-none-eabi-10.3-2021.10/bin/../lib/gcc/arm-none-eabi/10.3.1/../../../../arm-none-eabi/lib/thumb/v8-m.base/nofp\libg_nano.a(lib_a-nano-freer.o)
 .ARM.attributes
                0x0000082a       0x30 d:/ra/e2s/toolchains/gcc_arm/gcc-arm-none-eabi-10.3-2021.10/bin/../lib/gcc/arm-none-eabi/10.3.1/../../../../arm-none-eabi/lib/thumb/v8-m.base/nofp\libg_nano.a(lib_a-nano-mallocr.o)
 .ARM.attributes
                0x0000085a       0x30 d:/ra/e2s/toolchains/gcc_arm/gcc-arm-none-eabi-10.3-2021.10/bin/../lib/gcc/arm-none-eabi/10.3.1/../../../../arm-none-eabi/lib/thumb/v8-m.base/nofp\libg_nano.a(lib_a-sbrkr.o)
 .ARM.attributes
                0x0000088a       0x30 d:/ra/e2s/toolchains/gcc_arm/gcc-arm-none-eabi-10.3-2021.10/bin/../lib/gcc/arm-none-eabi/10.3.1/../../../../arm-none-eabi/lib/thumb/v8-m.base/nofp\libg_nano.a(lib_a-signal.o)
 .ARM.attributes
                0x000008ba       0x30 d:/ra/e2s/toolchains/gcc_arm/gcc-arm-none-eabi-10.3-2021.10/bin/../lib/gcc/arm-none-eabi/10.3.1/../../../../arm-none-eabi/lib/thumb/v8-m.base/nofp\libg_nano.a(lib_a-signalr.o)
 .ARM.attributes
                0x000008ea       0x1c d:/ra/e2s/toolchains/gcc_arm/gcc-arm-none-eabi-10.3-2021.10/bin/../lib/gcc/arm-none-eabi/10.3.1/../../../../arm-none-eabi/lib/thumb/v8-m.base/nofp\libg_nano.a(lib_a-strlen.o)
 .ARM.attributes
                0x00000906       0x30 d:/ra/e2s/toolchains/gcc_arm/gcc-arm-none-eabi-10.3-2021.10/bin/../lib/gcc/arm-none-eabi/10.3.1/../../../../arm-none-eabi/lib/thumb/v8-m.base/nofp\libg_nano.a(lib_a-vsprintf.o)
 .ARM.attributes
                0x00000936       0x30 d:/ra/e2s/toolchains/gcc_arm/gcc-arm-none-eabi-10.3-2021.10/bin/../lib/gcc/arm-none-eabi/10.3.1/../../../../arm-none-eabi/lib/thumb/v8-m.base/nofp\libg_nano.a(lib_a-mlock.o)
 .ARM.attributes
                0x00000966       0x30 d:/ra/e2s/toolchains/gcc_arm/gcc-arm-none-eabi-10.3-2021.10/bin/../lib/gcc/arm-none-eabi/10.3.1/../../../../arm-none-eabi/lib/thumb/v8-m.base/nofp\libg_nano.a(lib_a-nano-svfprintf.o)
 .ARM.attributes
                0x00000996       0x30 d:/ra/e2s/toolchains/gcc_arm/gcc-arm-none-eabi-10.3-2021.10/bin/../lib/gcc/arm-none-eabi/10.3.1/../../../../arm-none-eabi/lib/thumb/v8-m.base/nofp\libg_nano.a(lib_a-nano-vfprintf_i.o)
 .ARM.attributes
                0x000009c6       0x30 d:/ra/e2s/toolchains/gcc_arm/gcc-arm-none-eabi-10.3-2021.10/bin/../lib/gcc/arm-none-eabi/10.3.1/../../../../arm-none-eabi/lib/thumb/v8-m.base/nofp\libg_nano.a(lib_a-reent.o)
 .ARM.attributes
                0x000009f6       0x30 d:/ra/e2s/toolchains/gcc_arm/gcc-arm-none-eabi-10.3-2021.10/bin/../lib/gcc/arm-none-eabi/10.3.1/../../../../arm-none-eabi/lib/thumb/v8-m.base/nofp\libg_nano.a(lib_a-lock.o)
 .ARM.attributes
                0x00000a26       0x30 d:/ra/e2s/toolchains/gcc_arm/gcc-arm-none-eabi-10.3-2021.10/bin/../lib/gcc/arm-none-eabi/10.3.1/../../../../arm-none-eabi/lib/thumb/v8-m.base/nofp\libg_nano.a(lib_a-memchr-stub.o)
 .ARM.attributes
                0x00000a56       0x30 d:/ra/e2s/toolchains/gcc_arm/gcc-arm-none-eabi-10.3-2021.10/bin/../lib/gcc/arm-none-eabi/10.3.1/../../../../arm-none-eabi/lib/thumb/v8-m.base/nofp\libg_nano.a(lib_a-memmove.o)
 .ARM.attributes
                0x00000a86       0x30 d:/ra/e2s/toolchains/gcc_arm/gcc-arm-none-eabi-10.3-2021.10/bin/../lib/gcc/arm-none-eabi/10.3.1/../../../../arm-none-eabi/lib/thumb/v8-m.base/nofp\libg_nano.a(lib_a-nano-reallocr.o)
 .ARM.attributes
                0x00000ab6       0x30 d:/ra/e2s/toolchains/gcc_arm/gcc-arm-none-eabi-10.3-2021.10/bin/../lib/gcc/arm-none-eabi/10.3.1/../../../../arm-none-eabi/lib/thumb/v8-m.base/nofp\libg_nano.a(lib_a-nano-msizer.o)
 .ARM.attributes
                0x00000ae6       0x22 d:/ra/e2s/toolchains/gcc_arm/gcc-arm-none-eabi-10.3-2021.10/bin/../lib/gcc/arm-none-eabi/10.3.1/thumb/v8-m.base/nofp\libgcc.a(_thumb1_case_shi.o)
 .ARM.attributes
                0x00000b08       0x30 d:/ra/e2s/toolchains/gcc_arm/gcc-arm-none-eabi-10.3-2021.10/bin/../lib/gcc/arm-none-eabi/10.3.1/thumb/v8-m.base/nofp/crtend.o
 .ARM.attributes
                0x00000b38       0x22 d:/ra/e2s/toolchains/gcc_arm/gcc-arm-none-eabi-10.3-2021.10/bin/../lib/gcc/arm-none-eabi/10.3.1/thumb/v8-m.base/nofp/crtn.o
 .ARM.attributes
                0x00000b5a       0x30 d:/ra/e2s/toolchains/gcc_arm/gcc-arm-none-eabi-10.3-2021.10/bin/../lib/gcc/arm-none-eabi/10.3.1/../../../../arm-none-eabi/lib/thumb/v8-m.base/nofp\libnosys.a(getpid.o)
 .ARM.attributes
                0x00000b8a       0x30 d:/ra/e2s/toolchains/gcc_arm/gcc-arm-none-eabi-10.3-2021.10/bin/../lib/gcc/arm-none-eabi/10.3.1/../../../../arm-none-eabi/lib/thumb/v8-m.base/nofp\libnosys.a(kill.o)
 .ARM.attributes
                0x00000bba       0x30 d:/ra/e2s/toolchains/gcc_arm/gcc-arm-none-eabi-10.3-2021.10/bin/../lib/gcc/arm-none-eabi/10.3.1/../../../../arm-none-eabi/lib/thumb/v8-m.base/nofp\libnosys.a(_exit.o)

.comment        0x00000000       0x49
 .comment       0x00000000       0x49 ./src/ws2812/ws2812.o
                                 0x4a (size before relaxing)
 .comment       0x00000049       0x4a ./src/timer/timer0.o
 .comment       0x00000049       0x4a ./src/debug/debug.o
 .comment       0x00000049       0x4a ./src/hal_entry.o
 .comment       0x00000049       0x4a ./ra_gen/common_data.o
 .comment       0x00000049       0x4a ./ra_gen/hal_data.o
 .comment       0x00000049       0x4a ./ra_gen/main.o
 .comment       0x00000049       0x4a ./ra_gen/pin_data.o
 .comment       0x00000049       0x4a ./ra_gen/vector_data.o
 .comment       0x00000049       0x4a ./ra/fsp/src/r_spi/r_spi.o
 .comment       0x00000049       0x4a ./ra/fsp/src/r_sci_uart/r_sci_uart.o
 .comment       0x00000049       0x4a ./ra/fsp/src/r_rtc/r_rtc.o
 .comment       0x00000049       0x4a ./ra/fsp/src/r_ioport/r_ioport.o
 .comment       0x00000049       0x4a ./ra/fsp/src/r_gpt/r_gpt.o
 .comment       0x00000049       0x4a ./ra/fsp/src/r_dtc/r_dtc.o
 .comment       0x00000049       0x4a ./ra/fsp/src/r_adc/r_adc.o
 .comment       0x00000049       0x4a ./ra/fsp/src/bsp/mcu/all/bsp_clocks.o
 .comment       0x00000049       0x4a ./ra/fsp/src/bsp/mcu/all/bsp_common.o
 .comment       0x00000049       0x4a ./ra/fsp/src/bsp/mcu/all/bsp_delay.o
 .comment       0x00000049       0x4a ./ra/fsp/src/bsp/mcu/all/bsp_group_irq.o
 .comment       0x00000049       0x4a ./ra/fsp/src/bsp/mcu/all/bsp_io.o
 .comment       0x00000049       0x4a ./ra/fsp/src/bsp/mcu/all/bsp_irq.o
 .comment       0x00000049       0x4a ./ra/fsp/src/bsp/mcu/all/bsp_register_protection.o
 .comment       0x00000049       0x4a ./ra/fsp/src/bsp/mcu/all/bsp_rom_registers.o
 .comment       0x00000049       0x4a ./ra/fsp/src/bsp/mcu/all/bsp_sbrk.o
 .comment       0x00000049       0x4a ./ra/fsp/src/bsp/cmsis/Device/RENESAS/Source/startup.o
 .comment       0x00000049       0x4a ./ra/fsp/src/bsp/cmsis/Device/RENESAS/Source/system.o

.debug_info     0x00000000    0x5be57
 .debug_info    0x00000000     0x2c0e ./src/ws2812/ws2812.o
 .debug_info    0x00002c0e     0x2aa7 ./src/timer/timer0.o
 .debug_info    0x000056b5     0x3bbf ./src/debug/debug.o
 .debug_info    0x00009274     0x3526 ./src/hal_entry.o
 .debug_info    0x0000c79a     0x1244 ./ra_gen/common_data.o
 .debug_info    0x0000d9de     0xb3af ./ra_gen/hal_data.o
 .debug_info    0x00018d8d       0xb1 ./ra_gen/main.o
 .debug_info    0x00018e3e      0x9e1 ./ra_gen/pin_data.o
 .debug_info    0x0001981f      0x3f1 ./ra_gen/vector_data.o
 .debug_info    0x00019c10     0x7ebe ./ra/fsp/src/r_spi/r_spi.o
 .debug_info    0x00021ace     0x9708 ./ra/fsp/src/r_sci_uart/r_sci_uart.o
 .debug_info    0x0002b1d6     0x79df ./ra/fsp/src/r_rtc/r_rtc.o
 .debug_info    0x00032bb5     0x2f57 ./ra/fsp/src/r_ioport/r_ioport.o
 .debug_info    0x00035b0c     0x9360 ./ra/fsp/src/r_gpt/r_gpt.o
 .debug_info    0x0003ee6c     0x570a ./ra/fsp/src/r_dtc/r_dtc.o
 .debug_info    0x00044576     0xa6fe ./ra/fsp/src/r_adc/r_adc.o
 .debug_info    0x0004ec74     0x495b ./ra/fsp/src/bsp/mcu/all/bsp_clocks.o
 .debug_info    0x000535cf      0x906 ./ra/fsp/src/bsp/mcu/all/bsp_common.o
 .debug_info    0x00053ed5      0x1ef ./ra/fsp/src/bsp/mcu/all/bsp_delay.o
 .debug_info    0x000540c4     0x1389 ./ra/fsp/src/bsp/mcu/all/bsp_group_irq.o
 .debug_info    0x0005544d       0xaa ./ra/fsp/src/bsp/mcu/all/bsp_io.o
 .debug_info    0x000554f7      0xf2a ./ra/fsp/src/bsp/mcu/all/bsp_irq.o
 .debug_info    0x00056421     0x39f2 ./ra/fsp/src/bsp/mcu/all/bsp_register_protection.o
 .debug_info    0x00059e13       0xdd ./ra/fsp/src/bsp/mcu/all/bsp_rom_registers.o
 .debug_info    0x00059ef0      0x142 ./ra/fsp/src/bsp/mcu/all/bsp_sbrk.o
 .debug_info    0x0005a032      0x148 ./ra/fsp/src/bsp/cmsis/Device/RENESAS/Source/startup.o
 .debug_info    0x0005a17a     0x1cdd ./ra/fsp/src/bsp/cmsis/Device/RENESAS/Source/system.o

.debug_abbrev   0x00000000     0x4e84
 .debug_abbrev  0x00000000      0x585 ./src/ws2812/ws2812.o
 .debug_abbrev  0x00000585      0x320 ./src/timer/timer0.o
 .debug_abbrev  0x000008a5      0x424 ./src/debug/debug.o
 .debug_abbrev  0x00000cc9      0x3f4 ./src/hal_entry.o
 .debug_abbrev  0x000010bd      0x150 ./ra_gen/common_data.o
 .debug_abbrev  0x0000120d      0x30e ./ra_gen/hal_data.o
 .debug_abbrev  0x0000151b       0x66 ./ra_gen/main.o
 .debug_abbrev  0x00001581       0xdc ./ra_gen/pin_data.o
 .debug_abbrev  0x0000165d       0x9e ./ra_gen/vector_data.o
 .debug_abbrev  0x000016fb      0x5db ./ra/fsp/src/r_spi/r_spi.o
 .debug_abbrev  0x00001cd6      0x5fb ./ra/fsp/src/r_sci_uart/r_sci_uart.o
 .debug_abbrev  0x000022d1      0x586 ./ra/fsp/src/r_rtc/r_rtc.o
 .debug_abbrev  0x00002857      0x39a ./ra/fsp/src/r_ioport/r_ioport.o
 .debug_abbrev  0x00002bf1      0x5ed ./ra/fsp/src/r_gpt/r_gpt.o
 .debug_abbrev  0x000031de      0x4a2 ./ra/fsp/src/r_dtc/r_dtc.o
 .debug_abbrev  0x00003680      0x5e8 ./ra/fsp/src/r_adc/r_adc.o
 .debug_abbrev  0x00003c68      0x38a ./ra/fsp/src/bsp/mcu/all/bsp_clocks.o
 .debug_abbrev  0x00003ff2      0x188 ./ra/fsp/src/bsp/mcu/all/bsp_common.o
 .debug_abbrev  0x0000417a      0x10d ./ra/fsp/src/bsp/mcu/all/bsp_delay.o
 .debug_abbrev  0x00004287      0x256 ./ra/fsp/src/bsp/mcu/all/bsp_group_irq.o
 .debug_abbrev  0x000044dd       0x5e ./ra/fsp/src/bsp/mcu/all/bsp_io.o
 .debug_abbrev  0x0000453b      0x1a6 ./ra/fsp/src/bsp/mcu/all/bsp_irq.o
 .debug_abbrev  0x000046e1      0x252 ./ra/fsp/src/bsp/mcu/all/bsp_register_protection.o
 .debug_abbrev  0x00004933       0x5f ./ra/fsp/src/bsp/mcu/all/bsp_rom_registers.o
 .debug_abbrev  0x00004992       0xcc ./ra/fsp/src/bsp/mcu/all/bsp_sbrk.o
 .debug_abbrev  0x00004a5e       0xe6 ./ra/fsp/src/bsp/cmsis/Device/RENESAS/Source/startup.o
 .debug_abbrev  0x00004b44      0x340 ./ra/fsp/src/bsp/cmsis/Device/RENESAS/Source/system.o

.debug_loc      0x00000000     0x8aa9
 .debug_loc     0x00000000      0x236 ./src/ws2812/ws2812.o
 .debug_loc     0x00000236       0x42 ./src/timer/timer0.o
 .debug_loc     0x00000278       0x15 ./src/debug/debug.o
 .debug_loc     0x0000028d       0x42 ./src/hal_entry.o
 .debug_loc     0x000002cf     0x1a73 ./ra/fsp/src/r_spi/r_spi.o
 .debug_loc     0x00001d42     0x17bb ./ra/fsp/src/r_sci_uart/r_sci_uart.o
 .debug_loc     0x000034fd     0x10b1 ./ra/fsp/src/r_rtc/r_rtc.o
 .debug_loc     0x000045ae      0xefd ./ra/fsp/src/r_ioport/r_ioport.o
 .debug_loc     0x000054ab     0x10a6 ./ra/fsp/src/r_gpt/r_gpt.o
 .debug_loc     0x00006551      0x5ef ./ra/fsp/src/r_dtc/r_dtc.o
 .debug_loc     0x00006b40     0x17d6 ./ra/fsp/src/r_adc/r_adc.o
 .debug_loc     0x00008316      0x1e1 ./ra/fsp/src/bsp/mcu/all/bsp_clocks.o
 .debug_loc     0x000084f7       0x25 ./ra/fsp/src/bsp/mcu/all/bsp_common.o
 .debug_loc     0x0000851c      0x185 ./ra/fsp/src/bsp/mcu/all/bsp_delay.o
 .debug_loc     0x000086a1       0xac ./ra/fsp/src/bsp/mcu/all/bsp_group_irq.o
 .debug_loc     0x0000874d       0x3f ./ra/fsp/src/bsp/mcu/all/bsp_irq.o
 .debug_loc     0x0000878c      0x110 ./ra/fsp/src/bsp/mcu/all/bsp_register_protection.o
 .debug_loc     0x0000889c       0xf3 ./ra/fsp/src/bsp/mcu/all/bsp_sbrk.o
 .debug_loc     0x0000898f      0x11a ./ra/fsp/src/bsp/cmsis/Device/RENESAS/Source/system.o

.debug_aranges  0x00000000      0x760
 .debug_aranges
                0x00000000       0x80 ./src/ws2812/ws2812.o
 .debug_aranges
                0x00000080       0x28 ./src/timer/timer0.o
 .debug_aranges
                0x000000a8       0x30 ./src/debug/debug.o
 .debug_aranges
                0x000000d8       0x30 ./src/hal_entry.o
 .debug_aranges
                0x00000108       0x20 ./ra_gen/common_data.o
 .debug_aranges
                0x00000128       0x20 ./ra_gen/hal_data.o
 .debug_aranges
                0x00000148       0x20 ./ra_gen/main.o
 .debug_aranges
                0x00000168       0x18 ./ra_gen/pin_data.o
 .debug_aranges
                0x00000180       0x18 ./ra_gen/vector_data.o
 .debug_aranges
                0x00000198       0x80 ./ra/fsp/src/r_spi/r_spi.o
 .debug_aranges
                0x00000218       0x98 ./ra/fsp/src/r_sci_uart/r_sci_uart.o
 .debug_aranges
                0x000002b0       0x80 ./ra/fsp/src/r_rtc/r_rtc.o
 .debug_aranges
                0x00000330       0x90 ./ra/fsp/src/r_ioport/r_ioport.o
 .debug_aranges
                0x000003c0       0xd8 ./ra/fsp/src/r_gpt/r_gpt.o
 .debug_aranges
                0x00000498       0x60 ./ra/fsp/src/r_dtc/r_dtc.o
 .debug_aranges
                0x000004f8       0xb8 ./ra/fsp/src/r_adc/r_adc.o
 .debug_aranges
                0x000005b0       0x48 ./ra/fsp/src/bsp/mcu/all/bsp_clocks.o
 .debug_aranges
                0x000005f8       0x30 ./ra/fsp/src/bsp/mcu/all/bsp_common.o
 .debug_aranges
                0x00000628       0x28 ./ra/fsp/src/bsp/mcu/all/bsp_delay.o
 .debug_aranges
                0x00000650       0x28 ./ra/fsp/src/bsp/mcu/all/bsp_group_irq.o
 .debug_aranges
                0x00000678       0x18 ./ra/fsp/src/bsp/mcu/all/bsp_io.o
 .debug_aranges
                0x00000690       0x20 ./ra/fsp/src/bsp/mcu/all/bsp_irq.o
 .debug_aranges
                0x000006b0       0x28 ./ra/fsp/src/bsp/mcu/all/bsp_register_protection.o
 .debug_aranges
                0x000006d8       0x18 ./ra/fsp/src/bsp/mcu/all/bsp_rom_registers.o
 .debug_aranges
                0x000006f0       0x20 ./ra/fsp/src/bsp/mcu/all/bsp_sbrk.o
 .debug_aranges
                0x00000710       0x28 ./ra/fsp/src/bsp/cmsis/Device/RENESAS/Source/startup.o
 .debug_aranges
                0x00000738       0x28 ./ra/fsp/src/bsp/cmsis/Device/RENESAS/Source/system.o

.debug_ranges   0x00000000     0x1ed8
 .debug_ranges  0x00000000      0x130 ./src/ws2812/ws2812.o
 .debug_ranges  0x00000130       0x18 ./src/timer/timer0.o
 .debug_ranges  0x00000148       0x20 ./src/debug/debug.o
 .debug_ranges  0x00000168       0x20 ./src/hal_entry.o
 .debug_ranges  0x00000188       0x10 ./ra_gen/common_data.o
 .debug_ranges  0x00000198       0x10 ./ra_gen/hal_data.o
 .debug_ranges  0x000001a8       0x10 ./ra_gen/main.o
 .debug_ranges  0x000001b8      0x6f0 ./ra/fsp/src/r_spi/r_spi.o
 .debug_ranges  0x000008a8      0x618 ./ra/fsp/src/r_sci_uart/r_sci_uart.o
 .debug_ranges  0x00000ec0      0x570 ./ra/fsp/src/r_rtc/r_rtc.o
 .debug_ranges  0x00001430      0x1b0 ./ra/fsp/src/r_ioport/r_ioport.o
 .debug_ranges  0x000015e0      0x298 ./ra/fsp/src/r_gpt/r_gpt.o
 .debug_ranges  0x00001878      0x140 ./ra/fsp/src/r_dtc/r_dtc.o
 .debug_ranges  0x000019b8      0x358 ./ra/fsp/src/r_adc/r_adc.o
 .debug_ranges  0x00001d10       0xc8 ./ra/fsp/src/bsp/mcu/all/bsp_clocks.o
 .debug_ranges  0x00001dd8       0x20 ./ra/fsp/src/bsp/mcu/all/bsp_common.o
 .debug_ranges  0x00001df8       0x18 ./ra/fsp/src/bsp/mcu/all/bsp_delay.o
 .debug_ranges  0x00001e10       0x30 ./ra/fsp/src/bsp/mcu/all/bsp_group_irq.o
 .debug_ranges  0x00001e40       0x10 ./ra/fsp/src/bsp/mcu/all/bsp_irq.o
 .debug_ranges  0x00001e50       0x48 ./ra/fsp/src/bsp/mcu/all/bsp_register_protection.o
 .debug_ranges  0x00001e98       0x10 ./ra/fsp/src/bsp/mcu/all/bsp_sbrk.o
 .debug_ranges  0x00001ea8       0x18 ./ra/fsp/src/bsp/cmsis/Device/RENESAS/Source/startup.o
 .debug_ranges  0x00001ec0       0x18 ./ra/fsp/src/bsp/cmsis/Device/RENESAS/Source/system.o

.debug_line     0x00000000     0xbc7b
 .debug_line    0x00000000      0x8f5 ./src/ws2812/ws2812.o
 .debug_line    0x000008f5      0x529 ./src/timer/timer0.o
 .debug_line    0x00000e1e      0x5e9 ./src/debug/debug.o
 .debug_line    0x00001407      0x769 ./src/hal_entry.o
 .debug_line    0x00001b70      0x262 ./ra_gen/common_data.o
 .debug_line    0x00001dd2      0x3dd ./ra_gen/hal_data.o
 .debug_line    0x000021af       0x5e ./ra_gen/main.o
 .debug_line    0x0000220d      0x182 ./ra_gen/pin_data.o
 .debug_line    0x0000238f       0xc5 ./ra_gen/vector_data.o
 .debug_line    0x00002454     0x155d ./ra/fsp/src/r_spi/r_spi.o
 .debug_line    0x000039b1     0x17f7 ./ra/fsp/src/r_sci_uart/r_sci_uart.o
 .debug_line    0x000051a8     0x1742 ./ra/fsp/src/r_rtc/r_rtc.o
 .debug_line    0x000068ea      0xa74 ./ra/fsp/src/r_ioport/r_ioport.o
 .debug_line    0x0000735e      0xfc3 ./ra/fsp/src/r_gpt/r_gpt.o
 .debug_line    0x00008321      0x7fe ./ra/fsp/src/r_dtc/r_dtc.o
 .debug_line    0x00008b1f     0x13da ./ra/fsp/src/r_adc/r_adc.o
 .debug_line    0x00009ef9      0x5f5 ./ra/fsp/src/bsp/mcu/all/bsp_clocks.o
 .debug_line    0x0000a4ee      0x240 ./ra/fsp/src/bsp/mcu/all/bsp_common.o
 .debug_line    0x0000a72e      0x255 ./ra/fsp/src/bsp/mcu/all/bsp_delay.o
 .debug_line    0x0000a983      0x299 ./ra/fsp/src/bsp/mcu/all/bsp_group_irq.o
 .debug_line    0x0000ac1c      0x153 ./ra/fsp/src/bsp/mcu/all/bsp_io.o
 .debug_line    0x0000ad6f      0x26b ./ra/fsp/src/bsp/mcu/all/bsp_irq.o
 .debug_line    0x0000afda      0x357 ./ra/fsp/src/bsp/mcu/all/bsp_register_protection.o
 .debug_line    0x0000b331      0x11f ./ra/fsp/src/bsp/mcu/all/bsp_rom_registers.o
 .debug_line    0x0000b450      0x1a9 ./ra/fsp/src/bsp/mcu/all/bsp_sbrk.o
 .debug_line    0x0000b5f9      0x1d7 ./ra/fsp/src/bsp/cmsis/Device/RENESAS/Source/startup.o
 .debug_line    0x0000b7d0      0x4ab ./ra/fsp/src/bsp/cmsis/Device/RENESAS/Source/system.o

.debug_str      0x00000000    0x11ca1
 .debug_str     0x00000000     0x3c89 ./src/ws2812/ws2812.o
                               0x3dd5 (size before relaxing)
 .debug_str     0x00003c89      0xe92 ./src/timer/timer0.o
                               0x137d (size before relaxing)
 .debug_str     0x00004b1b     0x1c87 ./src/debug/debug.o
                               0x50be (size before relaxing)
 .debug_str     0x000067a2     0x1216 ./src/hal_entry.o
                               0x5677 (size before relaxing)
 .debug_str     0x000079b8       0xfc ./ra_gen/common_data.o
                               0x321d (size before relaxing)
 .debug_str     0x00007ab4     0x4406 ./ra_gen/hal_data.o
                               0xa51c (size before relaxing)
 .debug_str     0x0000beba       0x16 ./ra_gen/main.o
                                0x18c (size before relaxing)
 .debug_str     0x0000bed0      0x5d6 ./ra_gen/pin_data.o
                               0x1c9c (size before relaxing)
 .debug_str     0x0000c4a6      0xc4f ./ra_gen/vector_data.o
                                0xdb5 (size before relaxing)
 .debug_str     0x0000d0f5     0x1e00 ./ra/fsp/src/r_spi/r_spi.o
                               0x4c41 (size before relaxing)
 .debug_str     0x0000eef5      0x3a7 ./ra/fsp/src/r_sci_uart/r_sci_uart.o
                               0x640a (size before relaxing)
 .debug_str     0x0000f29c      0x563 ./ra/fsp/src/r_rtc/r_rtc.o
                               0x4207 (size before relaxing)
 .debug_str     0x0000f7ff      0x763 ./ra/fsp/src/r_ioport/r_ioport.o
                               0x3a10 (size before relaxing)
 .debug_str     0x0000ff62      0x973 ./ra/fsp/src/r_gpt/r_gpt.o
                               0x5e46 (size before relaxing)
 .debug_str     0x000108d5      0x1e3 ./ra/fsp/src/r_dtc/r_dtc.o
                               0x3a5d (size before relaxing)
 .debug_str     0x00010ab8      0x630 ./ra/fsp/src/r_adc/r_adc.o
                               0x701a (size before relaxing)
 .debug_str     0x000110e8      0x40f ./ra/fsp/src/bsp/mcu/all/bsp_clocks.o
                               0x1f51 (size before relaxing)